xxxxreturn {"tests", "range", {{facing="east", fuel=0, position={y=20, x=10, z=30, }, level="same", }, {facing="east", fuel=0, position={y=20, x=10, z=40, }, level="same", }, }, {fields="trees", }, }
return {"test3", "label3", {{facing="east", fuel=0, position={y=20, x=10, z=30, }, level="same", }, }, {}, }
return {"rome", "home", {{facing="east", fuel=0, position={y=25, x=15, z=35, }, level="same", }, }, {}, }
return {"spot", "test", {{facing="north", fuel=0, position={y=66, x=199, z=262, }, level="same", }, }, {}, }
return {"tests", "range", {{facing="east", fuel=0, position={y=20, x=10, z=30, }, level="same", }, {facing="east", fuel=0, position={y=20, x=10, z=40, }, level="same", }, }, {fields="trees", }, }
return {"test3", "label3", {{facing="east", fuel=0, position={y=20, x=10, z=30, }, level="same", }, }, {}, }
return {"rome", "home", {{facing="east", fuel=0, position={y=25, x=15, z=35, }, level="same", }, }, {}, }
return {"spot", "test", {{facing="north", fuel=0, position={y=66, x=199, z=262, }, level="same", }, }, {}, }
return {"tests", "range", {{facing="east", fuel=0, position={y=20, x=10, z=30, }, level="same", }, {facing="east", fuel=0, position={y=20, x=10, z=40, }, level="same", }, }, {fields="trees", }, }
return {"test3", "label3", {{facing="east", fuel=0, position={y=20, x=10, z=30, }, level="same", }, }, {}, }
return {"rome", "home", {{facing="east", fuel=0, position={y=25, x=15, z=35, }, level="same", }, }, {}, }
return {"spot", "test", {{facing="north", fuel=0, position={y=66, x=199, z=262, }, level="same", }, }, {}, }
return {"tests", "range", {{facing="east", fuel=0, position={y=20, x=10, z=30, }, level="same", }, {facing="east", fuel=0, position={y=20, x=10, z=40, }, level="same", }, }, {fields="trees", }, }
return {"test3", "label3", {{facing="east", fuel=0, position={y=20, x=10, z=30, }, level="same", }, }, {}, }
return {"rome", "home", {{facing="east", fuel=0, position={y=25, x=15, z=35, }, level="same", }, }, {}, }
return {"spot", "test", {{facing="north", fuel=0, position={y=66, x=199, z=262, }, level="same", }, }, {}, }
return {"rome", "home", {{facing="north", fuel=0, position={y=68, x=210, z=262, }, level="same", }, }, {}, }
return {"rome", "home", {{facing="north", fuel=0, position={y=63, x=-1532, z=324, }, level="same", }, }, {}, }
return {"tests", "range", {{facing="east", fuel=0, position={y=20, x=10, z=30, }, level="same", }, {facing="east", fuel=0, position={y=20, x=10, z=40, }, level="same", }, }, {fields={"trees", }, }, }
return {"test3", "label3", {{facing="east", fuel=0, position={y=20, x=10, z=30, }, level="same", }, }, {}, }
return {"rome", "home", {{facing="east", fuel=0, position={y=25, x=15, z=35, }, level="same", }, }, {}, }
return {"spot", "test", {{facing="north", fuel=0, position={y=66, x=199, z=262, }, level="same", }, }, {}, }
return {"rome", "home", {{facing="north", fuel=0, position={y=68, x=210, z=262, }, level="same", }, }, {}, }
return {"rome", "home", {{facing="north", fuel=0, position={y=63, x=-1532, z=324, }, level="same", }, }, {}, }
return {"tests", "range", {{facing="east", fuel=0, position={y=20, x=10, z=30, }, level="same", }, {facing="east", fuel=0, position={y=20, x=10, z=40, }, level="same", }, }, {fields={"trees", }, }, }
return {"test3", "label3", {{facing="east", fuel=0, position={y=20, x=10, z=30, }, level="same", }, }, {}, }
return {"rome", "home", {{facing="east", fuel=0, position={y=25, x=15, z=35, }, level="same", }, }, {}, }
return {"spot", "test", {{facing="north", fuel=0, position={y=66, x=199, z=262, }, level="same", }, }, {}, }
return {"rome", "home", {{facing="north", fuel=0, position={y=68, x=210, z=262, }, level="same", }, }, {}, }
return {"rome", "home", {{facing="north", fuel=0, position={y=63, x=-1532, z=324, }, level="same", }, }, {}, }
return {"tests", "range", {{facing="east", fuel=0, position={y=20, x=10, z=30, }, level="same", }, {facing="east", fuel=0, position={y=20, x=10, z=40, }, level="same", }, }, {fields={"trees", }, }, }
return {"test3", "label3", {{facing="east", fuel=0, position={y=20, x=10, z=30, }, level="same", }, }, {}, }
return {"rome", "home", {{facing="east", fuel=0, position={y=25, x=15, z=35, }, level="same", }, }, {}, }
return {"spot", "test", {{facing="north", fuel=0, position={y=66, x=199, z=262, }, level="same", }, }, {}, }
return {"spot", "test", {{facing="east", fuel=0, position={y=66, x=199, z=262, }, level="same", }, }, {}, }
return {"tests", "range", {{facing="east", fuel=0, position={y=20, x=10, z=30, }, level="same", }, {facing="east", fuel=0, position={y=20, x=10, z=40, }, level="same", }, }, {fields={"trees", }, }, }
return {"test3", "label3", {{facing="east", fuel=0, position={y=20, x=10, z=30, }, level="same", }, }, {}, }
return {"rome", "home", {{facing="east", fuel=0, position={y=25, x=15, z=35, }, level="same", }, }, {}, }
return {"rome", "home", {{facing="west", fuel=0, position={y=63, x=-1532, z=324, }, level="same", }, }, {}, }
return {"rome", "home", {{facing="west", fuel=0, position={y=63, x=-1532, z=324, }, level="same", }, }, {}, }
return {"rome", "home", {{facing="west", fuel=0, position={y=63, x=-1532, z=324, }, level="same", }, }, {}, }
return {"tests", "range", {{facing="east", fuel=0, position={y=20, x=10, z=30, }, level="same", }, {facing="east", fuel=0, position={y=20, x=10, z=40, }, level="same", }, }, {fields={"trees", }, }, }
return {"test3", "label3", {{facing="east", fuel=0, position={y=20, x=10, z=30, }, level="same", }, }, {}, }
return {"rome", "home", {{facing="east", fuel=0, position={y=25, x=15, z=35, }, level="same", }, }, {}, }
return {"spot", "test", {{facing="east", fuel=0, position={y=66, x=199, z=262, }, level="same", }, }, {}, }
return {"TC:test3", "label3", {{facing="east", fuel=0, position={y=20, x=10, z=30, }, level="same", }, }, {}, }
return {"TC:rome", "home", {{facing="east", fuel=0, position={y=25, x=15, z=35, }, level="same", }, }, {}, }
return {"TC:test", "test", {{facing="east", fuel=0, position={y=66, x=199, z=262, }, level="same", }, }, {}, }
return {"TC:test", "test", {{facing="east", fuel=0, position={y=66, x=199, z=262, }, level="same", }, }, {}, }
return {"TC:test3", "label3", {{facing="east", fuel=0, position={y=20, x=10, z=30, }, level="same", }, }, {}, }
return {"TC:rome", "home", {{facing="east", fuel=0, position={y=25, x=15, z=35, }, level="same", }, }, {}, }
return {"TC:test", "test", {{facing="east", fuel=0, position={y=66, x=199, z=262, }, level="same", }, }, {}, }
return {"TC:test3", "label3", {{facing="east", fuel=0, position={y=20, x=10, z=30, }, level="same", }, }, {}, }
return {"TC:rome", "home", {{facing="east", fuel=0, position={y=25, x=15, z=35, }, level="same", }, }, {}, }
return {"TC:test", "test", {{facing="east", fuel=0, position={y=66, x=199, z=262, }, level="same", }, }, {}, }
return {"TC:test", "test", {{facing="east", fuel=0, position={y=66, x=199, z=262, }, level="same", }, }, {}, }
return {"TC:tests", "range", {{facing="east", fuel=0, position={y=20, x=10, z=30, }, level="same", }, {facing="east", fuel=0, position={y=20, x=10, z=40, }, level="same", }, }, {fields={"trees", }, }, }
return {"TC:test3", "label3", {{facing="east", fuel=0, position={y=20, x=10, z=30, }, level="same", }, }, {}, }
return {"TC:rome", "home", {{facing="east", fuel=0, position={y=25, x=15, z=35, }, level="same", }, }, {}, }
return {"TC:test2", "label2", {{facing="east", fuel=0, position={y=20, x=10, z=40, }, level="same", }, }, {}, }
return {"TC:test1", "label1", {{facing="east", fuel=0, position={y=20, x=10, z=30, }, level="same", }, }, {}, }
return {"TC:test", "test", {{facing="east", fuel=0, position={y=66, x=199, z=262, }, level="same", }, }, {}, }
return {"TC:tests", "range", {{facing="east", fuel=0, position={y=20, x=10, z=30, }, level="same", }, {facing="east", fuel=0, position={y=20, x=10, z=40, }, level="same", }, }, {fields={"trees", }, }, }
return {"TC:test3", "label3", {{facing="east", fuel=0, position={y=20, x=10, z=30, }, level="same", }, }, {}, }
return {"TC:rome", "home", {{facing="east", fuel=0, position={y=25, x=15, z=35, }, level="same", }, }, {}, }
return {"TC:test2", "label2", {{facing="east", fuel=0, position={y=20, x=10, z=40, }, level="same", }, }, {}, }
return {"TC:test1", "label1", {{facing="east", fuel=0, position={y=20, x=10, z=30, }, level="same", }, }, {}, }
return {"TC:test", "test", {{facing="east", fuel=0, position={y=66, x=199, z=262, }, level="same", }, }, {}, }
return {"TC:TC:test3", "label3", {{facing="east", fuel=0, position={y=20, x=10, z=30, }, level="same", }, }, {}, }
return {"TC:TC:rome", "home", {{facing="east", fuel=0, position={y=25, x=15, z=35, }, level="same", }, }, {}, }
return {"TC:test2", "label2", {{facing="east", fuel=0, position={y=20, x=10, z=40, }, level="same", }, }, {}, }
return {"TC:test1", "label1", {{facing="east", fuel=0, position={y=20, x=10, z=30, }, level="same", }, }, {}, }
return {"TC:TC:test", "test", {{facing="east", fuel=0, position={y=66, x=199, z=262, }, level="same", }, }, {}, }
return {"TC:tests", "range", {{facing="east", fuel=0, position={y=20, x=10, z=30, }, level="same", }, {facing="east", fuel=0, position={y=20, x=10, z=40, }, level="same", }, }, {fields={"trees", }, }, }
return {"TC|test3", "label3", {{facing="east", fuel=0, position={y=20, x=10, z=30, }, level="same", }, }, {}, }
return {"TC|rome", "home", {{facing="east", fuel=0, position={y=25, x=15, z=35, }, level="same", }, }, {}, }
return {"TC|test2", "label2", {{facing="east", fuel=0, position={y=20, x=10, z=40, }, level="same", }, }, {}, }
return {"TC|test1", "label1", {{facing="east", fuel=0, position={y=20, x=10, z=30, }, level="same", }, }, {}, }
return {"TC|test", "test", {{facing="east", fuel=0, position={y=66, x=199, z=262, }, level="same", }, }, {}, }
return {"TC|tests", "range", {{facing="east", fuel=0, position={y=20, x=10, z=30, }, level="same", }, {facing="east", fuel=0, position={y=20, x=10, z=40, }, level="same", }, }, {fields={"trees", }, }, }
return {"TC/test3", "label3", {{facing="east", fuel=0, position={y=20, x=10, z=30, }, level="same", }, }, {}, }
return {"TC/rome", "home", {{facing="east", fuel=0, position={y=25, x=15, z=35, }, level="same", }, }, {}, }
return {"TC/test2", "label2", {{facing="east", fuel=0, position={y=20, x=10, z=40, }, level="same", }, }, {}, }
return {"TC/test1", "label1", {{facing="east", fuel=0, position={y=20, x=10, z=30, }, level="same", }, }, {}, }
return {"TC/test", "test", {{facing="east", fuel=0, position={y=66, x=199, z=262, }, level="same", }, }, {}, }
return {"TC/tests", "range", {{facing="east", fuel=0, position={y=20, x=10, z=30, }, level="same", }, {facing="east", fuel=0, position={y=20, x=10, z=40, }, level="same", }, }, {fields={"trees", }, }, }
return {"test3", "label3", {{facing="east", fuel=0, position={y=20, x=10, z=30, }, level="same", }, }, {}, }
return {"rome", "home", {{facing="east", fuel=0, position={y=25, x=15, z=35, }, level="same", }, }, {}, }
return {"test2", "label2", {{facing="east", fuel=0, position={y=20, x=10, z=40, }, level="same", }, }, {}, }
return {"test1", "label1", {{facing="east", fuel=0, position={y=20, x=10, z=30, }, level="same", }, }, {}, }
return {"test", "test", {{facing="east", fuel=0, position={y=66, x=199, z=262, }, level="same", }, }, {}, }
return {"tests", "range", {{facing="east", fuel=0, position={y=20, x=10, z=30, }, level="same", }, {facing="east", fuel=0, position={y=20, x=10, z=40, }, level="same", }, }, {fields={"trees", }, }, }
return {"TC.test3", "label3", {{facing="east", fuel=0, position={y=20, x=10, z=30, }, level="same", }, }, {}, }
return {"TC.rome", "home", {{facing="east", fuel=0, position={y=25, x=15, z=35, }, level="same", }, }, {}, }
return {"TC.test2", "label2", {{facing="east", fuel=0, position={y=20, x=10, z=40, }, level="same", }, }, {}, }
return {"TC.test1", "label1", {{facing="east", fuel=0, position={y=20, x=10, z=30, }, level="same", }, }, {}, }
return {"TC.test", "test", {{facing="east", fuel=0, position={y=66, x=199, z=262, }, level="same", }, }, {}, }
return {"TC.tests", "range", {{facing="east", fuel=0, position={y=20, x=10, z=30, }, level="same", }, {facing="east", fuel=0, position={y=20, x=10, z=40, }, level="same", }, }, {fields={"trees", }, }, }
return {"TC.test3", "label3", {{facing="east", fuel=0, position={y=20, x=10, z=30, }, level="same", }, }, {}, }
return {"TC.rome", "home", {{facing="east", fuel=0, position={y=25, x=15, z=35, }, level="same", }, }, {}, }
return {"TC.test2", "label2", {{facing="east", fuel=0, position={y=20, x=10, z=40, }, level="same", }, }, {}, }
return {"TC.test1", "label1", {{facing="east", fuel=0, position={y=20, x=10, z=30, }, level="same", }, }, {}, }
return {"TC.test", "test", {{facing="east", fuel=0, position={y=66, x=199, z=262, }, level="same", }, }, {}, }
return {"TC.tests", "range", {{facing="east", fuel=0, position={y=20, x=10, z=30, }, level="same", }, {facing="east", fuel=0, position={y=20, x=10, z=40, }, level="same", }, }, {fields={"trees", }, }, }
return {"TC.tests", "range", {{facing="east", fuel=0, position={y=20, x=10, z=30, }, level="same", }, {facing="east", fuel=0, position={y=20, x=10, z=40, }, level="same", }, }, {fields={"trees", }, }, }
return {"TC.test3", "label3", {{facing="east", fuel=0, position={y=20, x=10, z=30, }, level="same", }, }, {}, }
return {"TC.rome", "home", {{facing="east", fuel=0, position={y=25, x=15, z=35, }, level="same", }, }, {}, }
return {"TC.test2", "label2", {{facing="east", fuel=0, position={y=20, x=10, z=40, }, level="same", }, }, {}, }
return {"TC.test1", "label1", {{facing="east", fuel=0, position={y=20, x=10, z=30, }, level="same", }, }, {}, }
return {"TC.test", "test", {{facing="east", fuel=0, position={y=66, x=199, z=262, }, level="same", }, }, {}, }
