return {"TF.farm3000", "testing", {{facing="west", fuel=0, position={y=20, x=100, z=300, }, level="same", }, {facing="west", fuel=0, position={y=20, x=90, z=290, }, level="same", }, }, {fields="fences", }, }
return {"TF.farm3000", "testing", {{facing="west", fuel=0, position={y=20, x=100, z=300, }, level="same", }, {facing="west", fuel=0, position={y=20, x=90, z=290, }, level="same", }, }, {fields={"moondust", }, }, }
return {"TF.farm30", "testing", {{facing="west", fuel=0, position={y=20, x=100, z=300, }, level="same", }, }, {}, }
return {"TF.farm00", "testing", {{facing="west", fuel=0, position={y=20, x=90, z=290, }, level="same", }, }, {}, }
return {"TF.farm3000", "testing", {{facing="west", fuel=0, position={y=20, x=100, z=300, }, level="same", }, {facing="west", fuel=0, position={y=20, x=90, z=290, }, level="same", }, }, {fields="fences", }, }
return {"TF.farm3000", "testing", {{facing="west", fuel=0, position={y=20, x=100, z=300, }, level="same", }, {facing="west", fuel=0, position={y=20, x=90, z=290, }, level="same", }, }, {fields={"moondust", }, }, }
return {"TF.farm30", "testing", {{facing="west", fuel=0, position={y=20, x=100, z=300, }, level="same", }, }, {}, }
return {"TF.farm00", "testing", {{facing="west", fuel=0, position={y=20, x=90, z=290, }, level="same", }, }, {}, }
return {"TF.farm3000", "testing", {{facing="west", fuel=0, position={y=20, x=100, z=300, }, level="same", }, {facing="west", fuel=0, position={y=20, x=90, z=290, }, level="same", }, }, {fields="fences", }, }
return {"TF.farm3000", "testing", {{facing="west", fuel=0, position={y=20, x=100, z=300, }, level="same", }, {facing="west", fuel=0, position={y=20, x=90, z=290, }, level="same", }, }, {fields={"moondust", }, }, }
return {"TF.farm30", "testing", {{facing="west", fuel=0, position={y=20, x=100, z=300, }, level="same", }, }, {}, }
return {"TF.farm00", "testing", {{facing="west", fuel=0, position={y=20, x=90, z=290, }, level="same", }, }, {}, }
return {"TF.farm3000", "testing", {{facing="west", fuel=0, position={y=20, x=100, z=300, }, level="same", }, {facing="west", fuel=0, position={y=20, x=90, z=290, }, level="same", }, }, {fields="fences", }, }
return {"TF.farm3000", "testing", {{facing="west", fuel=0, position={y=20, x=100, z=300, }, level="same", }, {facing="west", fuel=0, position={y=20, x=90, z=290, }, level="same", }, }, {fields={"moondust", }, }, }
return {"TF.farm30", "testing", {{facing="west", fuel=0, position={y=20, x=100, z=300, }, level="same", }, }, {}, }
return {"TF.farm00", "testing", {{facing="west", fuel=0, position={y=20, x=90, z=290, }, level="same", }, }, {}, }
return {"TF.farm3000", "testing", {{facing="west", fuel=0, position={y=20, x=100, z=300, }, level="same", }, {facing="west", fuel=0, position={y=20, x=90, z=290, }, level="same", }, }, {fields={"moondust", }, }, }
return {"TF.farm30", "testing", {{facing="west", fuel=0, position={y=20, x=100, z=300, }, level="same", }, }, {}, }
return {"TF.farm00", "testing", {{facing="west", fuel=0, position={y=20, x=90, z=290, }, level="same", }, }, {}, }
return {"TF.farm3000", "testing", {{facing="west", fuel=0, position={y=20, x=100, z=300, }, level="same", }, {facing="west", fuel=0, position={y=20, x=90, z=290, }, level="same", }, }, {fields={"moondust", }, }, }
return {"TF.farm30", "testing", {{facing="west", fuel=0, position={y=20, x=100, z=300, }, level="same", }, }, {}, }
return {"TF.farm00", "testing", {{facing="west", fuel=0, position={y=20, x=90, z=290, }, level="same", }, }, {}, }
return {"TF.farm3000", "testing", {{facing="west", fuel=0, position={y=20, x=100, z=300, }, level="same", }, {facing="west", fuel=0, position={y=20, x=90, z=290, }, level="same", }, }, {fields={"moondust", }, }, }
return {"TF.farm30", "testing", {{facing="west", fuel=0, position={y=20, x=100, z=300, }, level="same", }, }, {}, }
return {"TF.farm00", "testing", {{facing="west", fuel=0, position={y=20, x=90, z=290, }, level="same", }, }, {}, }
return {"TF.farm3000", "testing", {{facing="west", fuel=0, position={y=20, x=100, z=300, }, level="same", }, {facing="west", fuel=0, position={y=20, x=90, z=290, }, level="same", }, }, {fields="fences", }, }
return {"TF.farm3000", "testing", {{facing="west", fuel=0, position={y=20, x=100, z=300, }, level="same", }, {facing="west", fuel=0, position={y=20, x=90, z=290, }, level="same", }, }, {fields={"moondust", }, }, }
return {"TF.farm30", "testing", {{facing="west", fuel=0, position={y=20, x=100, z=300, }, level="same", }, }, {}, }
return {"TF.farm00", "testing", {{facing="west", fuel=0, position={y=20, x=90, z=290, }, level="same", }, }, {}, }
return {"TF.farm3000", "testing", {{facing="west", fuel=0, position={y=20, x=100, z=300, }, level="same", }, {facing="west", fuel=0, position={y=20, x=90, z=290, }, level="same", }, }, {fields={"moondust", }, }, }
return {"TF.farm30", "testing", {{facing="west", fuel=0, position={y=20, x=100, z=300, }, level="same", }, }, {}, }
return {"TF.farm00", "testing", {{facing="west", fuel=0, position={y=20, x=90, z=290, }, level="same", }, }, {}, }
return {"TF.farm30", "testing", {{facing="west", fuel=0, position={y=20, x=100, z=300, }, level="same", }, }, {}, }
return {"TF.farm00", "testing", {{facing="west", fuel=0, position={y=20, x=90, z=290, }, level="same", }, }, {}, }
return {"TF.farm3000", "testing", {{facing="west", fuel=0, position={y=20, x=100, z=300, }, level="same", }, {facing="west", fuel=0, position={y=20, x=90, z=290, }, level="same", }, }, {fields="moondust", }, }
return {"TF.farm3000", "testing", {{facing="west", fuel=0, position={y=20, x=100, z=300, }, level="same", }, {facing="west", fuel=0, position={y=20, x=90, z=290, }, level="same", }, }, {fields="moondust", }, }
return {"TF.farm30", "testing", {{facing="west", fuel=0, position={y=20, x=100, z=300, }, level="same", }, }, {}, }
return {"TF.farm00", "testing", {{facing="west", fuel=0, position={y=20, x=90, z=290, }, level="same", }, }, {}, }
return {"TF.farm3000", "testing", {{facing="west", fuel=0, position={y=20, x=100, z=300, }, level="same", }, {facing="west", fuel=0, position={y=20, x=90, z=290, }, level="same", }, }, {fields="fences", }, }
return {"TF.farm3000", "testing", {{facing="west", fuel=0, position={y=20, x=100, z=300, }, level="same", }, {facing="west", fuel=0, position={y=20, x=90, z=290, }, level="same", }, }, {fields="moondust", }, }
return {"TF.farm30", "testing", {{facing="west", fuel=0, position={y=20, x=100, z=300, }, level="same", }, }, {}, }
return {"TF.farm00", "testing", {{facing="west", fuel=0, position={y=20, x=90, z=290, }, level="same", }, }, {}, }
return {"TF.farm3000", "testing", {{facing="west", fuel=0, position={y=20, x=100, z=300, }, level="same", }, {facing="west", fuel=0, position={y=20, x=90, z=290, }, level="same", }, }, {fields="fences", }, }
return {"TF.farm40SE", "testing", {{facing="east", fuel=79, position={y=20, x=100, z=300, }, level="same", }, }, {fields={canes="cane40", east="east40", crops="crops40", south="south40", pens="pens40", trees="trees40", north="north40", west="west40", }, }, }
return {"TF.west40", "farm40", {{position={y=64, x=100, z=300, }, facing="", }, {position={y=64, x=100, z=318, }, facing="", }, }, {points="west40", }, }
return {"TF.east40", "farm40", {{position={y=64, x=140, z=301, }, facing="", }, {position={y=64, x=140, z=317, }, facing="", }, }, {fences="east40", }, }
return {"TF.south40", "farm40", {{position={y=64, x=117, z=318, }, facing="", }, {position={y=64, x=140, z=318, }, facing="", }, }, {fences="south40", }, }
return {"TF.north40", "farm40", {{position={y=64, x=117, z=300, }, facing="", }, {position={y=64, x=140, z=300, }, facing="", }, }, {fences="north40", }, }
return {"TF.crops40", "farm40", {{position={y=64, x=121, z=301, }, facing="", }, {position={y=64, x=138, z=311, }, facing="", }, }, {fields="crops", }, }
return {"TF.cane40", "farm40", {{position={y=64, x=118, z=301, }, facing="", }, {position={y=64, x=120, z=317, }, facing="", }, }, {fields="cane", }, }
return {"TF.trees40", "farm40", {{position={y=64, x=121, z=312, }, facing="", }, {position={y=64, x=138, z=317, }, facing="", }, }, {fields="trees", }, }
return {"TF.pens40", "farm40", {{position={y=64, x=100, z=300, }, facing="", }, {position={y=64, x=116, z=318, }, facing="", }, }, {fields="pens", }, }
return {"TF.cropsNW", "farm40", {{position={y=64, x=121, z=301, }, facing="", }, }, {}, }
return {"TF.edgeNW", "farm40", {{position={y=64, x=100, z=300, }, facing="", }, }, {}, }
return {"TF.fenceSE", "farm40", {{position={y=64, x=140, z=318, }, facing="", }, }, {}, }
return {"TF.fenceSW", "farm40", {{position={y=64, x=117, z=318, }, facing="", }, }, {}, }
return {"TF.edgeSW", "farm40", {{position={y=64, x=100, z=318, }, facing="", }, }, {}, }
return {"TF.pensNW", "farm40", {{position={y=64, x=100, z=300, }, facing="", }, }, {}, }
return {"TF.fenceES", "farm40", {{position={y=64, x=140, z=317, }, facing="", }, }, {}, }
return {"TF.treesSE", "farm40", {{position={y=64, x=138, z=317, }, facing="", }, }, {}, }
return {"TF.caneNW", "farm40", {{position={y=64, x=118, z=301, }, facing="", }, }, {}, }
return {"TF.fenceNE", "farm40", {{position={y=64, x=140, z=300, }, facing="", }, }, {}, }
return {"TF.fenceNW", "farm40", {{position={y=64, x=117, z=300, }, facing="", }, }, {}, }
return {"TF.pensSE", "farm40", {{position={y=64, x=116, z=318, }, facing="", }, }, {}, }
return {"TF.caneSE", "farm40", {{position={y=64, x=120, z=317, }, facing="", }, }, {}, }
return {"TF.treesNW", "farm40", {{position={y=64, x=121, z=312, }, facing="", }, }, {}, }
return {"TF.cropsSE", "farm40", {{position={y=64, x=138, z=311, }, facing="", }, }, {}, }
return {"TF.fenceEN", "farm40", {{position={y=64, x=140, z=301, }, facing="", }, }, {}, }
return {"TF.farm40SE", "testing", {{facing="east", fuel=79, position={y=20, x=100, z=300, }, level="same", }, }, {}, }
return {"TF.farm3000", "testing", {{facing="west", fuel=0, position={y=20, x=100, z=300, }, level="same", }, {facing="west", fuel=0, position={y=20, x=90, z=290, }, level="same", }, }, {fields="moondust", }, }
return {"TF.farm30", "testing", {{facing="west", fuel=0, position={y=20, x=100, z=300, }, level="same", }, }, {}, }
return {"TF.farm00", "testing", {{facing="west", fuel=0, position={y=20, x=90, z=290, }, level="same", }, }, {}, }
return {"TF.farm3000", "testing", {{facing="west", fuel=0, position={y=20, x=100, z=300, }, level="same", }, {facing="west", fuel=0, position={y=20, x=90, z=290, }, level="same", }, }, {fields="fences", }, }
return {"TF.farm40SE", "testing", {{facing="east", fuel=79, position={y=20, x=100, z=300, }, level="same", }, }, {fields={canes="cane40", east="east40", crops="crops40", south="south40", pens="pens40", trees="trees40", north="north40", west="west40", }, }, }
return {"TF.west40", "farm40", {{position={y=64, x=100, z=300, }, facing="", }, {position={y=64, x=100, z=318, }, facing="", }, }, {points="west40", }, }
return {"TF.east40", "farm40", {{position={y=64, x=140, z=301, }, facing="", }, {position={y=64, x=140, z=317, }, facing="", }, }, {fences="east40", }, }
return {"TF.south40", "farm40", {{position={y=64, x=117, z=318, }, facing="", }, {position={y=64, x=140, z=318, }, facing="", }, }, {fences="south40", }, }
return {"TF.north40", "farm40", {{position={y=64, x=117, z=300, }, facing="", }, {position={y=64, x=140, z=300, }, facing="", }, }, {fences="north40", }, }
return {"TF.crops40", "farm40", {{position={y=64, x=121, z=301, }, facing="", }, {position={y=64, x=138, z=311, }, facing="", }, }, {fields="crops", }, }
return {"TF.cane40", "farm40", {{position={y=64, x=118, z=301, }, facing="", }, {position={y=64, x=120, z=317, }, facing="", }, }, {fields="cane", }, }
return {"TF.trees40", "farm40", {{position={y=64, x=121, z=312, }, facing="", }, {position={y=64, x=138, z=317, }, facing="", }, }, {fields="trees", }, }
return {"TF.pens40", "farm40", {{position={y=64, x=100, z=300, }, facing="", }, {position={y=64, x=116, z=318, }, facing="", }, }, {fields="pens", }, }
return {"TF.cropsNW", "farm40", {{position={y=64, x=121, z=301, }, facing="", }, }, {}, }
return {"TF.edgeNW", "farm40", {{position={y=64, x=100, z=300, }, facing="", }, }, {}, }
return {"TF.fenceSE", "farm40", {{position={y=64, x=140, z=318, }, facing="", }, }, {}, }
return {"TF.fenceSW", "farm40", {{position={y=64, x=117, z=318, }, facing="", }, }, {}, }
return {"TF.edgeSW", "farm40", {{position={y=64, x=100, z=318, }, facing="", }, }, {}, }
return {"TF.pensNW", "farm40", {{position={y=64, x=100, z=300, }, facing="", }, }, {}, }
return {"TF.fenceES", "farm40", {{position={y=64, x=140, z=317, }, facing="", }, }, {}, }
return {"TF.treesSE", "farm40", {{position={y=64, x=138, z=317, }, facing="", }, }, {}, }
return {"TF.caneNW", "farm40", {{position={y=64, x=118, z=301, }, facing="", }, }, {}, }
return {"TF.fenceNE", "farm40", {{position={y=64, x=140, z=300, }, facing="", }, }, {}, }
return {"TF.fenceNW", "farm40", {{position={y=64, x=117, z=300, }, facing="", }, }, {}, }
return {"TF.pensSE", "farm40", {{position={y=64, x=116, z=318, }, facing="", }, }, {}, }
return {"TF.caneSE", "farm40", {{position={y=64, x=120, z=317, }, facing="", }, }, {}, }
return {"TF.treesNW", "farm40", {{position={y=64, x=121, z=312, }, facing="", }, }, {}, }
return {"TF.cropsSE", "farm40", {{position={y=64, x=138, z=311, }, facing="", }, }, {}, }
return {"TF.fenceEN", "farm40", {{position={y=64, x=140, z=301, }, facing="", }, }, {}, }
return {"TF.farm40SE", "testing", {{facing="east", fuel=79, position={y=20, x=100, z=300, }, level="same", }, }, {}, }
return {"TF.farm40SE", "testing", {{facing="east", fuel=0, position={y=20, x=100, z=300, }, level="same", }, }, {}, }
return {"TF.farm40SE", "testing", {{facing="east", fuel=0, position={y=20, x=100, z=300, }, level="same", }, }, {}, }
return {"TF.farm40SE", "testing", {{facing="east", fuel=0, position={y=20, x=100, z=300, }, level="same", }, }, {}, }
return {"TF.farm40SE", "testing", {{facing="east", fuel=0, position={y=20, x=100, z=300, }, level="same", }, }, {}, }
return {"TF.farm40SE", "testing", {{facing="east", fuel=0, position={y=20, x=100, z=300, }, level="same", }, }, {}, }
return {"TF.farm40SE", "testing", {{facing="east", fuel=0, position={y=20, x=100, z=300, }, level="same", }, }, {}, }
return {"TF.farm3000", "testing", {{facing="west", fuel=0, position={y=20, x=100, z=300, }, level="same", }, {facing="west", fuel=0, position={y=20, x=90, z=290, }, level="same", }, }, {fields="moondust", }, }
return {"TF.farm30", "testing", {{facing="west", fuel=0, position={y=20, x=100, z=300, }, level="same", }, }, {}, }
return {"TF.farm00", "testing", {{facing="west", fuel=0, position={y=20, x=90, z=290, }, level="same", }, }, {}, }
return {"TF.farm3000", "testing", {{facing="west", fuel=0, position={y=20, x=100, z=300, }, level="same", }, {facing="west", fuel=0, position={y=20, x=90, z=290, }, level="same", }, }, {fields="moondust", }, }
return {"TF.farm30", "testing", {{facing="west", fuel=0, position={y=20, x=100, z=300, }, level="same", }, }, {}, }
return {"TF.farm00", "testing", {{facing="west", fuel=0, position={y=20, x=90, z=290, }, level="same", }, }, {}, }
return {"TF.farm40SE", "testing", {{facing="east", fuel=99, position={y=20, x=100, z=300, }, level="same", }, }, {}, }
return {"TF.farm3000", "testing", {{facing="west", fuel=0, position={y=20, x=100, z=300, }, level="same", }, {facing="west", fuel=0, position={y=20, x=90, z=290, }, level="same", }, }, {fields="fences", }, }
return {"TF.farm3000", "testing", {{facing="west", fuel=0, position={y=20, x=100, z=300, }, level="same", }, {facing="west", fuel=0, position={y=20, x=90, z=290, }, level="same", }, }, {fields="moondust", }, }
return {"TF.farm30", "testing", {{facing="west", fuel=0, position={y=20, x=100, z=300, }, level="same", }, }, {}, }
return {"TF.farm00", "testing", {{facing="west", fuel=0, position={y=20, x=90, z=290, }, level="same", }, }, {}, }
return {"TF.farm40SE", "testing", {{facing="east", fuel=99, position={y=20, x=100, z=300, }, level="same", }, }, {fields={canes="cane40", east="east40", crops="crops40", south="south40", pens="pens40", trees="trees40", north="north40", west="west40", }, }, }
return {"TF.west40", "farm40", {{position={y=64, x=100, z=300, }, facing="", }, {position={y=64, x=100, z=318, }, facing="", }, }, {points="west40", }, }
return {"TF.east40", "farm40", {{position={y=64, x=140, z=301, }, facing="", }, {position={y=64, x=140, z=317, }, facing="", }, }, {fences="east40", }, }
return {"TF.south40", "farm40", {{position={y=64, x=117, z=318, }, facing="", }, {position={y=64, x=140, z=318, }, facing="", }, }, {fences="south40", }, }
return {"TF.north40", "farm40", {{position={y=64, x=117, z=300, }, facing="", }, {position={y=64, x=140, z=300, }, facing="", }, }, {fences="north40", }, }
return {"TF.crops40", "farm40", {{position={y=64, x=121, z=301, }, facing="", }, {position={y=64, x=138, z=311, }, facing="", }, }, {fields="crops", }, }
return {"TF.cane40", "farm40", {{position={y=64, x=118, z=301, }, facing="", }, {position={y=64, x=120, z=317, }, facing="", }, }, {fields="cane", }, }
return {"TF.trees40", "farm40", {{position={y=64, x=121, z=312, }, facing="", }, {position={y=64, x=138, z=317, }, facing="", }, }, {fields="trees", }, }
return {"TF.pens40", "farm40", {{position={y=64, x=100, z=300, }, facing="", }, {position={y=64, x=116, z=318, }, facing="", }, }, {fields="pens", }, }
return {"TF.cropsNW", "farm40", {{position={y=64, x=121, z=301, }, facing="", }, }, {}, }
return {"TF.edgeNW", "farm40", {{position={y=64, x=100, z=300, }, facing="", }, }, {}, }
return {"TF.fenceSE", "farm40", {{position={y=64, x=140, z=318, }, facing="", }, }, {}, }
return {"TF.fenceSW", "farm40", {{position={y=64, x=117, z=318, }, facing="", }, }, {}, }
return {"TF.edgeSW", "farm40", {{position={y=64, x=100, z=318, }, facing="", }, }, {}, }
return {"TF.pensNW", "farm40", {{position={y=64, x=100, z=300, }, facing="", }, }, {}, }
return {"TF.fenceES", "farm40", {{position={y=64, x=140, z=317, }, facing="", }, }, {}, }
return {"TF.treesSE", "farm40", {{position={y=64, x=138, z=317, }, facing="", }, }, {}, }
return {"TF.caneNW", "farm40", {{position={y=64, x=118, z=301, }, facing="", }, }, {}, }
return {"TF.fenceNE", "farm40", {{position={y=64, x=140, z=300, }, facing="", }, }, {}, }
return {"TF.fenceNW", "farm40", {{position={y=64, x=117, z=300, }, facing="", }, }, {}, }
return {"TF.pensSE", "farm40", {{position={y=64, x=116, z=318, }, facing="", }, }, {}, }
return {"TF.caneSE", "farm40", {{position={y=64, x=120, z=317, }, facing="", }, }, {}, }
return {"TF.treesNW", "farm40", {{position={y=64, x=121, z=312, }, facing="", }, }, {}, }
return {"TF.cropsSE", "farm40", {{position={y=64, x=138, z=311, }, facing="", }, }, {}, }
return {"TF.fenceEN", "farm40", {{position={y=64, x=140, z=301, }, facing="", }, }, {}, }
return {"TF.farm40SE", "testing", {{facing="east", fuel=99, position={y=20, x=100, z=300, }, level="same", }, }, {}, }
return {"TF.farm3000", "testing", {{facing="west", fuel=0, position={y=20, x=100, z=300, }, level="same", }, {facing="west", fuel=0, position={y=20, x=90, z=290, }, level="same", }, }, {fields="fences", }, }
return {"TF.farm3000", "testing", {{facing="west", fuel=0, position={y=20, x=100, z=300, }, level="same", }, {facing="west", fuel=0, position={y=20, x=90, z=290, }, level="same", }, }, {fields="moondust", }, }
return {"TF.farm30", "testing", {{facing="west", fuel=0, position={y=20, x=100, z=300, }, level="same", }, }, {}, }
return {"TF.farm00", "testing", {{facing="west", fuel=0, position={y=20, x=90, z=290, }, level="same", }, }, {}, }
return {"TF.farm40SE", "testing", {{facing="east", fuel=99, position={y=20, x=100, z=300, }, level="same", }, }, {fields={canes="cane40", east="east40", crops="crops40", south="south40", pens="pens40", trees="trees40", north="north40", west="west40", }, }, }
return {"TF.west40", "farm40", {{position={y=64, x=100, z=300, }, facing="", }, {position={y=64, x=100, z=318, }, facing="", }, }, {points="west40", }, }
return {"TF.east40", "farm40", {{position={y=64, x=140, z=301, }, facing="", }, {position={y=64, x=140, z=317, }, facing="", }, }, {fences="east40", }, }
return {"TF.south40", "farm40", {{position={y=64, x=117, z=318, }, facing="", }, {position={y=64, x=140, z=318, }, facing="", }, }, {fences="south40", }, }
return {"TF.north40", "farm40", {{position={y=64, x=117, z=300, }, facing="", }, {position={y=64, x=140, z=300, }, facing="", }, }, {fences="north40", }, }
return {"TF.crops40", "farm40", {{position={y=64, x=121, z=301, }, facing="", }, {position={y=64, x=138, z=311, }, facing="", }, }, {fields="crops", }, }
return {"TF.cane40", "farm40", {{position={y=64, x=118, z=301, }, facing="", }, {position={y=64, x=120, z=317, }, facing="", }, }, {fields="cane", }, }
return {"TF.trees40", "farm40", {{position={y=64, x=121, z=312, }, facing="", }, {position={y=64, x=138, z=317, }, facing="", }, }, {fields="trees", }, }
return {"TF.pens40", "farm40", {{position={y=64, x=100, z=300, }, facing="", }, {position={y=64, x=116, z=318, }, facing="", }, }, {fields="pens", }, }
return {"TF.cropsNW", "farm40", {{position={y=64, x=121, z=301, }, facing="", }, }, {}, }
return {"TF.edgeNW", "farm40", {{position={y=64, x=100, z=300, }, facing="", }, }, {}, }
return {"TF.fenceSE", "farm40", {{position={y=64, x=140, z=318, }, facing="", }, }, {}, }
return {"TF.fenceSW", "farm40", {{position={y=64, x=117, z=318, }, facing="", }, }, {}, }
return {"TF.edgeSW", "farm40", {{position={y=64, x=100, z=318, }, facing="", }, }, {}, }
return {"TF.pensNW", "farm40", {{position={y=64, x=100, z=300, }, facing="", }, }, {}, }
return {"TF.fenceES", "farm40", {{position={y=64, x=140, z=317, }, facing="", }, }, {}, }
return {"TF.treesSE", "farm40", {{position={y=64, x=138, z=317, }, facing="", }, }, {}, }
return {"TF.caneNW", "farm40", {{position={y=64, x=118, z=301, }, facing="", }, }, {}, }
return {"TF.fenceNE", "farm40", {{position={y=64, x=140, z=300, }, facing="", }, }, {}, }
return {"TF.fenceNW", "farm40", {{position={y=64, x=117, z=300, }, facing="", }, }, {}, }
return {"TF.pensSE", "farm40", {{position={y=64, x=116, z=318, }, facing="", }, }, {}, }
return {"TF.caneSE", "farm40", {{position={y=64, x=120, z=317, }, facing="", }, }, {}, }
return {"TF.treesNW", "farm40", {{position={y=64, x=121, z=312, }, facing="", }, }, {}, }
return {"TF.cropsSE", "farm40", {{position={y=64, x=138, z=311, }, facing="", }, }, {}, }
return {"TF.fenceEN", "farm40", {{position={y=64, x=140, z=301, }, facing="", }, }, {}, }
return {"TF.farm40SE", "testing", {{facing="east", fuel=99, position={y=20, x=100, z=300, }, level="same", }, }, {}, }
return {"TF.farm3000", "testing", {{facing="west", fuel=0, position={y=20, x=100, z=300, }, level="same", }, {facing="west", fuel=0, position={y=20, x=90, z=290, }, level="same", }, }, {fields="fences", }, }
return {"TF.farm3000", "testing", {{facing="west", fuel=0, position={y=20, x=100, z=300, }, level="same", }, {facing="west", fuel=0, position={y=20, x=90, z=290, }, level="same", }, }, {fields="moondust", }, }
return {"TF.farm30", "testing", {{facing="west", fuel=0, position={y=20, x=100, z=300, }, level="same", }, }, {}, }
return {"TF.farm00", "testing", {{facing="west", fuel=0, position={y=20, x=90, z=290, }, level="same", }, }, {}, }
return {"TF.farm3000", "testing", {{facing="west", fuel=0, position={y=20, x=100, z=300, }, level="same", }, {facing="west", fuel=0, position={y=20, x=90, z=290, }, level="same", }, }, {fields="moondust", }, }
return {"TF.farm30", "testing", {{facing="west", fuel=0, position={y=20, x=100, z=300, }, level="same", }, }, {}, }
return {"TF.farm00", "testing", {{facing="west", fuel=0, position={y=20, x=90, z=290, }, level="same", }, }, {}, }
return {"TF.farm3000", "testing", {{facing="west", fuel=0, position={y=20, x=100, z=300, }, level="same", }, {facing="west", fuel=0, position={y=20, x=90, z=290, }, level="same", }, }, {fields="moondust", }, }
return {"TF.farm30", "testing", {{facing="west", fuel=0, position={y=20, x=100, z=300, }, level="same", }, }, {}, }
return {"TF.farm00", "testing", {{facing="west", fuel=0, position={y=20, x=90, z=290, }, level="same", }, }, {}, }
return {"TF.farm3000", "testing", {{facing="west", fuel=0, position={y=20, x=100, z=300, }, level="same", }, {facing="west", fuel=0, position={y=20, x=90, z=290, }, level="same", }, }, {fields="fences", }, }
return {"TF.farm40SE", "testing", {{facing="east", fuel=79, position={y=20, x=100, z=300, }, level="same", }, }, {}, }
return {"TF.farm40SE", "testing", {{facing="east", fuel=79, position={y=20, x=100, z=300, }, level="same", }, }, {fields={canes="cane40", east="east40", crops="crops40", south="south40", pens="pens40", trees="trees40", north="north40", west="west40", }, }, }
return {"TF.west40", "farm40", {{position={y=64, x=100, z=300, }, facing="", }, {position={y=64, x=100, z=318, }, facing="", }, }, {points="west40", }, }
return {"TF.east40", "farm40", {{position={y=64, x=140, z=301, }, facing="", }, {position={y=64, x=140, z=317, }, facing="", }, }, {fences="east40", }, }
return {"TF.south40", "farm40", {{position={y=64, x=117, z=318, }, facing="", }, {position={y=64, x=140, z=318, }, facing="", }, }, {fences="south40", }, }
return {"TF.north40", "farm40", {{position={y=64, x=117, z=300, }, facing="", }, {position={y=64, x=140, z=300, }, facing="", }, }, {fences="north40", }, }
return {"TF.crops40", "farm40", {{position={y=64, x=121, z=301, }, facing="", }, {position={y=64, x=138, z=311, }, facing="", }, }, {fields="crops", }, }
return {"TF.cane40", "farm40", {{position={y=64, x=118, z=301, }, facing="", }, {position={y=64, x=120, z=317, }, facing="", }, }, {fields="cane", }, }
return {"TF.trees40", "farm40", {{position={y=64, x=121, z=312, }, facing="", }, {position={y=64, x=138, z=317, }, facing="", }, }, {fields="trees", }, }
return {"TF.pens40", "farm40", {{position={y=64, x=100, z=300, }, facing="", }, {position={y=64, x=116, z=318, }, facing="", }, }, {fields="pens", }, }
return {"TF.cropsNW", "farm40", {{position={y=64, x=121, z=301, }, facing="", }, }, {}, }
return {"TF.edgeNW", "farm40", {{position={y=64, x=100, z=300, }, facing="", }, }, {}, }
return {"TF.fenceSE", "farm40", {{position={y=64, x=140, z=318, }, facing="", }, }, {}, }
return {"TF.fenceSW", "farm40", {{position={y=64, x=117, z=318, }, facing="", }, }, {}, }
return {"TF.edgeSW", "farm40", {{position={y=64, x=100, z=318, }, facing="", }, }, {}, }
return {"TF.pensNW", "farm40", {{position={y=64, x=100, z=300, }, facing="", }, }, {}, }
return {"TF.fenceES", "farm40", {{position={y=64, x=140, z=317, }, facing="", }, }, {}, }
return {"TF.treesSE", "farm40", {{position={y=64, x=138, z=317, }, facing="", }, }, {}, }
return {"TF.caneNW", "farm40", {{position={y=64, x=118, z=301, }, facing="", }, }, {}, }
return {"TF.fenceNE", "farm40", {{position={y=64, x=140, z=300, }, facing="", }, }, {}, }
return {"TF.fenceNW", "farm40", {{position={y=64, x=117, z=300, }, facing="", }, }, {}, }
return {"TF.pensSE", "farm40", {{position={y=64, x=116, z=318, }, facing="", }, }, {}, }
return {"TF.caneSE", "farm40", {{position={y=64, x=120, z=317, }, facing="", }, }, {}, }
return {"TF.treesNW", "farm40", {{position={y=64, x=121, z=312, }, facing="", }, }, {}, }
return {"TF.cropsSE", "farm40", {{position={y=64, x=138, z=311, }, facing="", }, }, {}, }
return {"TF.fenceEN", "farm40", {{position={y=64, x=140, z=301, }, facing="", }, }, {}, }
return {"TF.farm00", "testing", {{facing="west", fuel=0, position={y=20, x=90, z=290, }, level="same", }, }, {}, }
return {"TF.treesSE", "farm40", {{position={y=64, x=138, z=317, }, facing="", }, }, {}, }
return {"TF.caneNW", "farm40", {{position={y=64, x=118, z=301, }, facing="", }, }, {}, }
return {"TF.fenceNE", "farm40", {{position={y=64, x=140, z=300, }, facing="", }, }, {}, }
return {"TF.fenceNW", "farm40", {{position={y=64, x=117, z=300, }, facing="", }, }, {}, }
return {"TF.pensSE", "farm40", {{position={y=64, x=116, z=318, }, facing="", }, }, {}, }
return {"TF.caneSE", "farm40", {{position={y=64, x=120, z=317, }, facing="", }, }, {}, }
return {"TF.treesNW", "farm40", {{position={y=64, x=121, z=312, }, facing="", }, }, {}, }
return {"TF.cropsSE", "farm40", {{position={y=64, x=138, z=311, }, facing="", }, }, {}, }
return {"TF.fenceEN", "farm40", {{position={y=64, x=140, z=301, }, facing="", }, }, {}, }
return {"TF.farm40SE", "testing", {{facing="east", fuel=0, position={y=20, x=100, z=300, }, level="same", }, }, {}, }
return {"TF.farm3000", "testing", {{facing="west", fuel=0, position={y=20, x=100, z=300, }, level="same", }, {facing="west", fuel=0, position={y=20, x=90, z=290, }, level="same", }, }, {fields="moondust", }, }
return {"TF.farm30", "testing", {{facing="west", fuel=0, position={y=20, x=100, z=300, }, level="same", }, }, {}, }
return {"TF.farm40SE", "testing", {{facing="east", fuel=0, position={y=20, x=100, z=300, }, level="same", }, }, {}, }
return {"TF.farm3000", "testing", {{facing="west", fuel=0, position={y=20, x=100, z=300, }, level="same", }, {facing="west", fuel=0, position={y=20, x=90, z=290, }, level="same", }, }, {fields="moondust", }, }
return {"TF.farm30", "testing", {{facing="west", fuel=0, position={y=20, x=100, z=300, }, level="same", }, }, {}, }
return {"TF.farm00", "testing", {{facing="west", fuel=0, position={y=20, x=90, z=290, }, level="same", }, }, {}, }
return {"TF.farm40SE", "testing", {{facing="east", fuel=0, position={y=20, x=100, z=300, }, level="same", }, }, {fields={canes="cane40", east="east40", crops="crops40", south="south40", pens="pens40", trees="trees40", north="north40", west="west40", }, }, }
return {"TF.west40", "farm40", {{position={y=64, x=100, z=300, }, facing="", }, {position={y=64, x=100, z=318, }, facing="", }, }, {points="west40", }, }
return {"TF.east40", "farm40", {{position={y=64, x=140, z=301, }, facing="", }, {position={y=64, x=140, z=317, }, facing="", }, }, {fences="east40", }, }
return {"TF.south40", "farm40", {{position={y=64, x=117, z=318, }, facing="", }, {position={y=64, x=140, z=318, }, facing="", }, }, {fences="south40", }, }
return {"TF.north40", "farm40", {{position={y=64, x=117, z=300, }, facing="", }, {position={y=64, x=140, z=300, }, facing="", }, }, {fences="north40", }, }
return {"TF.crops40", "farm40", {{position={y=64, x=121, z=301, }, facing="", }, {position={y=64, x=138, z=311, }, facing="", }, }, {fields="crops", }, }
return {"TF.cane40", "farm40", {{position={y=64, x=118, z=301, }, facing="", }, {position={y=64, x=120, z=317, }, facing="", }, }, {fields="cane", }, }
return {"TF.trees40", "farm40", {{position={y=64, x=121, z=312, }, facing="", }, {position={y=64, x=138, z=317, }, facing="", }, }, {fields="trees", }, }
return {"TF.pens40", "farm40", {{position={y=64, x=100, z=300, }, facing="", }, {position={y=64, x=116, z=318, }, facing="", }, }, {fields="pens", }, }
return {"TF.cropsNW", "farm40", {{position={y=64, x=121, z=301, }, facing="", }, }, {}, }
return {"TF.edgeNW", "farm40", {{position={y=64, x=100, z=300, }, facing="", }, }, {}, }
return {"TF.fenceSE", "farm40", {{position={y=64, x=140, z=318, }, facing="", }, }, {}, }
return {"TF.fenceSW", "farm40", {{position={y=64, x=117, z=318, }, facing="", }, }, {}, }
return {"TF.edgeSW", "farm40", {{position={y=64, x=100, z=318, }, facing="", }, }, {}, }
return {"TF.pensNW", "farm40", {{position={y=64, x=100, z=300, }, facing="", }, }, {}, }
return {"TF.fenceES", "farm40", {{position={y=64, x=140, z=317, }, facing="", }, }, {}, }
return {"TF.treesSE", "farm40", {{position={y=64, x=138, z=317, }, facing="", }, }, {}, }
return {"TF.caneNW", "farm40", {{position={y=64, x=118, z=301, }, facing="", }, }, {}, }
return {"TF.fenceNE", "farm40", {{position={y=64, x=140, z=300, }, facing="", }, }, {}, }
return {"TF.fenceNW", "farm40", {{position={y=64, x=117, z=300, }, facing="", }, }, {}, }
return {"TF.pensSE", "farm40", {{position={y=64, x=116, z=318, }, facing="", }, }, {}, }
return {"TF.caneSE", "farm40", {{position={y=64, x=120, z=317, }, facing="", }, }, {}, }
return {"TF.treesNW", "farm40", {{position={y=64, x=121, z=312, }, facing="", }, }, {}, }
return {"TF.cropsSE", "farm40", {{position={y=64, x=138, z=311, }, facing="", }, }, {}, }
return {"TF.fenceEN", "farm40", {{position={y=64, x=140, z=301, }, facing="", }, }, {}, }
return {"TF.farm3000", "testing", {{facing="west", fuel=0, position={y=20, x=100, z=300, }, level="same", }, {facing="west", fuel=0, position={y=20, x=90, z=290, }, level="same", }, }, {fields="fences", }, }
return {"TF.farm3000", "testing", {{facing="west", fuel=0, position={y=20, x=100, z=300, }, level="same", }, {facing="west", fuel=0, position={y=20, x=90, z=290, }, level="same", }, }, {fields="moondust", }, }
return {"TF.farm30", "testing", {{facing="west", fuel=0, position={y=20, x=100, z=300, }, level="same", }, }, {}, }
return {"TF.farm00", "testing", {{facing="west", fuel=0, position={y=20, x=90, z=290, }, level="same", }, }, {}, }
return {"TF.caneSE", "farm40", {{position={y=64, x=120, z=317, }, facing="", }, }, {}, }
return {"TF.treesNW", "farm40", {{position={y=64, x=121, z=312, }, facing="", }, }, {}, }
return {"TF.cropsSE", "farm40", {{position={y=64, x=138, z=311, }, facing="", }, }, {}, }
return {"TF.fenceEN", "farm40", {{position={y=64, x=140, z=301, }, facing="", }, }, {}, }
return {"TF.farm40SE", "testing", {{facing="east", fuel=79, position={y=20, x=100, z=300, }, level="same", }, }, {}, }
return {"TF.farm40SE", "testing", {{facing="east", fuel=79, position={y=20, x=100, z=300, }, level="same", }, }, {fields={canes="cane40", east="east40", crops="crops40", south="south40", pens="pens40", trees="trees40", north="north40", west="west40", }, }, }
return {"TF.west40", "farm40", {{position={y=64, x=100, z=300, }, facing="", }, {position={y=64, x=100, z=318, }, facing="", }, }, {points="west40", }, }
return {"TF.east40", "farm40", {{position={y=64, x=140, z=301, }, facing="", }, {position={y=64, x=140, z=317, }, facing="", }, }, {fences="east40", }, }
return {"TF.south40", "farm40", {{position={y=64, x=117, z=318, }, facing="", }, {position={y=64, x=140, z=318, }, facing="", }, }, {fences="south40", }, }
return {"TF.north40", "farm40", {{position={y=64, x=117, z=300, }, facing="", }, {position={y=64, x=140, z=300, }, facing="", }, }, {fences="north40", }, }
return {"TF.crops40", "farm40", {{position={y=64, x=121, z=301, }, facing="", }, {position={y=64, x=138, z=311, }, facing="", }, }, {fields="crops", }, }
return {"TF.cane40", "farm40", {{position={y=64, x=118, z=301, }, facing="", }, {position={y=64, x=120, z=317, }, facing="", }, }, {fields="cane", }, }
return {"TF.trees40", "farm40", {{position={y=64, x=121, z=312, }, facing="", }, {position={y=64, x=138, z=317, }, facing="", }, }, {fields="trees", }, }
return {"TF.pens40", "farm40", {{position={y=64, x=100, z=300, }, facing="", }, {position={y=64, x=116, z=318, }, facing="", }, }, {fields="pens", }, }
return {"TF.cropsNW", "farm40", {{position={y=64, x=121, z=301, }, facing="", }, }, {}, }
return {"TF.edgeNW", "farm40", {{position={y=64, x=100, z=300, }, facing="", }, }, {}, }
return {"TF.fenceSE", "farm40", {{position={y=64, x=140, z=318, }, facing="", }, }, {}, }
return {"TF.fenceSW", "farm40", {{position={y=64, x=117, z=318, }, facing="", }, }, {}, }
return {"TF.edgeSW", "farm40", {{position={y=64, x=100, z=318, }, facing="", }, }, {}, }
return {"TF.pensNW", "farm40", {{position={y=64, x=100, z=300, }, facing="", }, }, {}, }
return {"TF.fenceES", "farm40", {{position={y=64, x=140, z=317, }, facing="", }, }, {}, }
return {"TF.treesSE", "farm40", {{position={y=64, x=138, z=317, }, facing="", }, }, {}, }
return {"TF.caneNW", "farm40", {{position={y=64, x=118, z=301, }, facing="", }, }, {}, }
return {"TF.fenceNE", "farm40", {{position={y=64, x=140, z=300, }, facing="", }, }, {}, }
return {"TF.fenceNW", "farm40", {{position={y=64, x=117, z=300, }, facing="", }, }, {}, }
return {"TF.pensSE", "farm40", {{position={y=64, x=116, z=318, }, facing="", }, }, {}, }
return {"TF.farm3000", "testing", {{facing="west", fuel=0, position={y=20, x=100, z=300, }, level="same", }, {facing="west", fuel=0, position={y=20, x=90, z=290, }, level="same", }, }, {fields="fences", }, }
return {"TF.farm3000", "testing", {{facing="west", fuel=0, position={y=20, x=100, z=300, }, level="same", }, {facing="west", fuel=0, position={y=20, x=90, z=290, }, level="same", }, }, {fields="moondust", }, }
return {"TF.farm30", "testing", {{facing="west", fuel=0, position={y=20, x=100, z=300, }, level="same", }, }, {}, }
return {"TF.farm00", "testing", {{facing="west", fuel=0, position={y=20, x=90, z=290, }, level="same", }, }, {}, }
return {"TF.farm40SE", "testing", {{facing="east", fuel=79, position={y=20, x=100, z=300, }, level="same", }, }, {fields={canes="cane40", east="east40", crops="crops40", south="south40", pens="pens40", trees="trees40", north="north40", west="west40", }, }, }
return {"TF.west40", "farm40", {{position={y=64, x=100, z=300, }, facing="", }, {position={y=64, x=100, z=318, }, facing="", }, }, {points="west40", }, }
return {"TF.east40", "farm40", {{position={y=64, x=140, z=301, }, facing="", }, {position={y=64, x=140, z=317, }, facing="", }, }, {fences="east40", }, }
return {"TF.south40", "farm40", {{position={y=64, x=117, z=318, }, facing="", }, {position={y=64, x=140, z=318, }, facing="", }, }, {fences="south40", }, }
return {"TF.north40", "farm40", {{position={y=64, x=117, z=300, }, facing="", }, {position={y=64, x=140, z=300, }, facing="", }, }, {fences="north40", }, }
return {"TF.crops40", "farm40", {{position={y=64, x=121, z=301, }, facing="", }, {position={y=64, x=138, z=311, }, facing="", }, }, {fields="crops", }, }
return {"TF.cane40", "farm40", {{position={y=64, x=118, z=301, }, facing="", }, {position={y=64, x=120, z=317, }, facing="", }, }, {fields="cane", }, }
return {"TF.trees40", "farm40", {{position={y=64, x=121, z=312, }, facing="", }, {position={y=64, x=138, z=317, }, facing="", }, }, {fields="trees", }, }
return {"TF.pens40", "farm40", {{position={y=64, x=100, z=300, }, facing="", }, {position={y=64, x=116, z=318, }, facing="", }, }, {fields="pens", }, }
return {"TF.cropsNW", "farm40", {{position={y=64, x=121, z=301, }, facing="", }, }, {}, }
return {"TF.edgeNW", "farm40", {{position={y=64, x=100, z=300, }, facing="", }, }, {}, }
return {"TF.fenceSE", "farm40", {{position={y=64, x=140, z=318, }, facing="", }, }, {}, }
return {"TF.fenceSW", "farm40", {{position={y=64, x=117, z=318, }, facing="", }, }, {}, }
return {"TF.edgeSW", "farm40", {{position={y=64, x=100, z=318, }, facing="", }, }, {}, }
return {"TF.pensNW", "farm40", {{position={y=64, x=100, z=300, }, facing="", }, }, {}, }
return {"TF.fenceES", "farm40", {{position={y=64, x=140, z=317, }, facing="", }, }, {}, }
return {"TF.treesSE", "farm40", {{position={y=64, x=138, z=317, }, facing="", }, }, {}, }
return {"TF.caneNW", "farm40", {{position={y=64, x=118, z=301, }, facing="", }, }, {}, }
return {"TF.fenceNE", "farm40", {{position={y=64, x=140, z=300, }, facing="", }, }, {}, }
return {"TF.fenceNW", "farm40", {{position={y=64, x=117, z=300, }, facing="", }, }, {}, }
return {"TF.pensSE", "farm40", {{position={y=64, x=116, z=318, }, facing="", }, }, {}, }
return {"TF.caneSE", "farm40", {{position={y=64, x=120, z=317, }, facing="", }, }, {}, }
return {"TF.treesNW", "farm40", {{position={y=64, x=121, z=312, }, facing="", }, }, {}, }
return {"TF.cropsSE", "farm40", {{position={y=64, x=138, z=311, }, facing="", }, }, {}, }
return {"TF.fenceEN", "farm40", {{position={y=64, x=140, z=301, }, facing="", }, }, {}, }
return {"TF.farm40SE", "testing", {{facing="east", fuel=79, position={y=20, x=100, z=300, }, level="same", }, }, {}, }
return {"TF.farm3000", "testing", {{facing="west", fuel=0, position={y=20, x=100, z=300, }, level="same", }, {facing="west", fuel=0, position={y=20, x=90, z=290, }, level="same", }, }, {fields="fences", }, }
return {"TF.farm3000", "testing", {{facing="west", fuel=0, position={y=20, x=100, z=300, }, level="same", }, {facing="west", fuel=0, position={y=20, x=90, z=290, }, level="same", }, }, {fields="moondust", }, }
return {"TF.farm30", "testing", {{facing="west", fuel=0, position={y=20, x=100, z=300, }, level="same", }, }, {}, }
return {"TF.farm00", "testing", {{facing="west", fuel=0, position={y=20, x=90, z=290, }, level="same", }, }, {}, }
return {"TF.farm40SE", "testing", {{facing="east", fuel=79, position={y=20, x=100, z=300, }, level="same", }, }, {fields={canes="cane40", east="east40", crops="crops40", south="south40", pens="pens40", trees="trees40", north="north40", west="west40", }, }, }
return {"TF.west40", "farm40", {{position={y=64, x=100, z=300, }, facing="", }, {position={y=64, x=100, z=318, }, facing="", }, }, {points="west40", }, }
return {"TF.east40", "farm40", {{position={y=64, x=140, z=301, }, facing="", }, {position={y=64, x=140, z=317, }, facing="", }, }, {fences="east40", }, }
return {"TF.south40", "farm40", {{position={y=64, x=117, z=318, }, facing="", }, {position={y=64, x=140, z=318, }, facing="", }, }, {fences="south40", }, }
return {"TF.north40", "farm40", {{position={y=64, x=117, z=300, }, facing="", }, {position={y=64, x=140, z=300, }, facing="", }, }, {fences="north40", }, }
return {"TF.crops40", "farm40", {{position={y=64, x=121, z=301, }, facing="", }, {position={y=64, x=138, z=311, }, facing="", }, }, {fields="crops", }, }
return {"TF.cane40", "farm40", {{position={y=64, x=118, z=301, }, facing="", }, {position={y=64, x=120, z=317, }, facing="", }, }, {fields="cane", }, }
return {"TF.trees40", "farm40", {{position={y=64, x=121, z=312, }, facing="", }, {position={y=64, x=138, z=317, }, facing="", }, }, {fields="trees", }, }
return {"TF.pens40", "farm40", {{position={y=64, x=100, z=300, }, facing="", }, {position={y=64, x=116, z=318, }, facing="", }, }, {fields="pens", }, }
return {"TF.cropsNW", "farm40", {{position={y=64, x=121, z=301, }, facing="", }, }, {}, }
return {"TF.edgeNW", "farm40", {{position={y=64, x=100, z=300, }, facing="", }, }, {}, }
return {"TF.fenceSE", "farm40", {{position={y=64, x=140, z=318, }, facing="", }, }, {}, }
return {"TF.fenceSW", "farm40", {{position={y=64, x=117, z=318, }, facing="", }, }, {}, }
return {"TF.edgeSW", "farm40", {{position={y=64, x=100, z=318, }, facing="", }, }, {}, }
return {"TF.pensNW", "farm40", {{position={y=64, x=100, z=300, }, facing="", }, }, {}, }
return {"TF.fenceES", "farm40", {{position={y=64, x=140, z=317, }, facing="", }, }, {}, }
return {"TF.treesSE", "farm40", {{position={y=64, x=138, z=317, }, facing="", }, }, {}, }
return {"TF.caneNW", "farm40", {{position={y=64, x=118, z=301, }, facing="", }, }, {}, }
return {"TF.fenceNE", "farm40", {{position={y=64, x=140, z=300, }, facing="", }, }, {}, }
return {"TF.fenceNW", "farm40", {{position={y=64, x=117, z=300, }, facing="", }, }, {}, }
return {"TF.pensSE", "farm40", {{position={y=64, x=116, z=318, }, facing="", }, }, {}, }
return {"TF.caneSE", "farm40", {{position={y=64, x=120, z=317, }, facing="", }, }, {}, }
return {"TF.treesNW", "farm40", {{position={y=64, x=121, z=312, }, facing="", }, }, {}, }
return {"TF.cropsSE", "farm40", {{position={y=64, x=138, z=311, }, facing="", }, }, {}, }
return {"TF.fenceEN", "farm40", {{position={y=64, x=140, z=301, }, facing="", }, }, {}, }
return {"TF.farm40SE", "testing", {{facing="east", fuel=79, position={y=20, x=100, z=300, }, level="same", }, }, {}, }
return {"TF.farm3000", "testing", {{facing="west", fuel=0, position={y=20, x=100, z=300, }, level="same", }, {facing="west", fuel=0, position={y=20, x=90, z=290, }, level="same", }, }, {fields="fences", }, }
return {"TF.farm3000", "testing", {{facing="west", fuel=0, position={y=20, x=100, z=300, }, level="same", }, {facing="west", fuel=0, position={y=20, x=90, z=290, }, level="same", }, }, {fields="moondust", }, }
return {"TF.farm30", "testing", {{facing="west", fuel=0, position={y=20, x=100, z=300, }, level="same", }, }, {}, }
return {"TF.farm00", "testing", {{facing="west", fuel=0, position={y=20, x=90, z=290, }, level="same", }, }, {}, }
return {"TF.farm40SE", "testing", {{facing="east", fuel=79, position={y=20, x=100, z=300, }, level="same", }, }, {fields={canes="cane40", east="east40", crops="crops40", south="south40", pens="pens40", trees="trees40", north="north40", west="west40", }, }, }
return {"TF.west40", "farm40", {{position={y=64, x=100, z=300, }, facing="", }, {position={y=64, x=100, z=318, }, facing="", }, }, {points="west40", }, }
return {"TF.east40", "farm40", {{position={y=64, x=140, z=301, }, facing="", }, {position={y=64, x=140, z=317, }, facing="", }, }, {fences="east40", }, }
return {"TF.south40", "farm40", {{position={y=64, x=117, z=318, }, facing="", }, {position={y=64, x=140, z=318, }, facing="", }, }, {fences="south40", }, }
return {"TF.north40", "farm40", {{position={y=64, x=117, z=300, }, facing="", }, {position={y=64, x=140, z=300, }, facing="", }, }, {fences="north40", }, }
return {"TF.crops40", "farm40", {{position={y=64, x=121, z=301, }, facing="", }, {position={y=64, x=138, z=311, }, facing="", }, }, {fields="crops", }, }
return {"TF.cane40", "farm40", {{position={y=64, x=118, z=301, }, facing="", }, {position={y=64, x=120, z=317, }, facing="", }, }, {fields="cane", }, }
return {"TF.trees40", "farm40", {{position={y=64, x=121, z=312, }, facing="", }, {position={y=64, x=138, z=317, }, facing="", }, }, {fields="trees", }, }
return {"TF.pens40", "farm40", {{position={y=64, x=100, z=300, }, facing="", }, {position={y=64, x=116, z=318, }, facing="", }, }, {fields="pens", }, }
return {"TF.cropsNW", "farm40", {{position={y=64, x=121, z=301, }, facing="", }, }, {}, }
return {"TF.edgeNW", "farm40", {{position={y=64, x=100, z=300, }, facing="", }, }, {}, }
return {"TF.fenceSE", "farm40", {{position={y=64, x=140, z=318, }, facing="", }, }, {}, }
return {"TF.fenceSW", "farm40", {{position={y=64, x=117, z=318, }, facing="", }, }, {}, }
return {"TF.edgeSW", "farm40", {{position={y=64, x=100, z=318, }, facing="", }, }, {}, }
return {"TF.pensNW", "farm40", {{position={y=64, x=100, z=300, }, facing="", }, }, {}, }
return {"TF.fenceES", "farm40", {{position={y=64, x=140, z=317, }, facing="", }, }, {}, }
return {"TF.treesSE", "farm40", {{position={y=64, x=138, z=317, }, facing="", }, }, {}, }
return {"TF.caneNW", "farm40", {{position={y=64, x=118, z=301, }, facing="", }, }, {}, }
return {"TF.fenceNE", "farm40", {{position={y=64, x=140, z=300, }, facing="", }, }, {}, }
return {"TF.fenceNW", "farm40", {{position={y=64, x=117, z=300, }, facing="", }, }, {}, }
return {"TF.pensSE", "farm40", {{position={y=64, x=116, z=318, }, facing="", }, }, {}, }
return {"TF.caneSE", "farm40", {{position={y=64, x=120, z=317, }, facing="", }, }, {}, }
return {"TF.treesNW", "farm40", {{position={y=64, x=121, z=312, }, facing="", }, }, {}, }
return {"TF.cropsSE", "farm40", {{position={y=64, x=138, z=311, }, facing="", }, }, {}, }
return {"TF.fenceEN", "farm40", {{position={y=64, x=140, z=301, }, facing="", }, }, {}, }
return {"TF.farm40SE", "testing", {{facing="east", fuel=79, position={y=20, x=100, z=300, }, level="same", }, }, {}, }
return {"TF.farm3000", "testing", {{facing="west", fuel=0, position={y=20, x=100, z=300, }, level="same", }, {facing="west", fuel=0, position={y=20, x=90, z=290, }, level="same", }, }, {fields="fences", }, }
return {"TF.farm3000", "testing", {{facing="west", fuel=0, position={y=20, x=100, z=300, }, level="same", }, {facing="west", fuel=0, position={y=20, x=90, z=290, }, level="same", }, }, {fields="moondust", }, }
return {"TF.farm30", "testing", {{facing="west", fuel=0, position={y=20, x=100, z=300, }, level="same", }, }, {}, }
return {"TF.farm00", "testing", {{facing="west", fuel=0, position={y=20, x=90, z=290, }, level="same", }, }, {}, }
return {"TF.farm40SE", "testing", {{facing="east", fuel=79, position={y=20, x=100, z=300, }, level="same", }, }, {fields={canes="cane40", east="east40", crops="crops40", south="south40", pens="pens40", trees="trees40", north="north40", west="west40", }, }, }
return {"TF.west40", "farm40", {{position={y=64, x=100, z=300, }, facing="", }, {position={y=64, x=100, z=318, }, facing="", }, }, {points="west40", }, }
return {"TF.east40", "farm40", {{position={y=64, x=140, z=301, }, facing="", }, {position={y=64, x=140, z=317, }, facing="", }, }, {fences="east40", }, }
return {"TF.south40", "farm40", {{position={y=64, x=117, z=318, }, facing="", }, {position={y=64, x=140, z=318, }, facing="", }, }, {fences="south40", }, }
return {"TF.north40", "farm40", {{position={y=64, x=117, z=300, }, facing="", }, {position={y=64, x=140, z=300, }, facing="", }, }, {fences="north40", }, }
return {"TF.crops40", "farm40", {{position={y=64, x=121, z=301, }, facing="", }, {position={y=64, x=138, z=311, }, facing="", }, }, {fields="crops", }, }
return {"TF.cane40", "farm40", {{position={y=64, x=118, z=301, }, facing="", }, {position={y=64, x=120, z=317, }, facing="", }, }, {fields="cane", }, }
return {"TF.trees40", "farm40", {{position={y=64, x=121, z=312, }, facing="", }, {position={y=64, x=138, z=317, }, facing="", }, }, {fields="trees", }, }
return {"TF.pens40", "farm40", {{position={y=64, x=100, z=300, }, facing="", }, {position={y=64, x=116, z=318, }, facing="", }, }, {fields="pens", }, }
return {"TF.cropsNW", "farm40", {{position={y=64, x=121, z=301, }, facing="", }, }, {}, }
return {"TF.edgeNW", "farm40", {{position={y=64, x=100, z=300, }, facing="", }, }, {}, }
return {"TF.fenceSE", "farm40", {{position={y=64, x=140, z=318, }, facing="", }, }, {}, }
return {"TF.fenceSW", "farm40", {{position={y=64, x=117, z=318, }, facing="", }, }, {}, }
return {"TF.edgeSW", "farm40", {{position={y=64, x=100, z=318, }, facing="", }, }, {}, }
return {"TF.pensNW", "farm40", {{position={y=64, x=100, z=300, }, facing="", }, }, {}, }
return {"TF.fenceES", "farm40", {{position={y=64, x=140, z=317, }, facing="", }, }, {}, }
return {"TF.treesSE", "farm40", {{position={y=64, x=138, z=317, }, facing="", }, }, {}, }
return {"TF.caneNW", "farm40", {{position={y=64, x=118, z=301, }, facing="", }, }, {}, }
return {"TF.fenceNE", "farm40", {{position={y=64, x=140, z=300, }, facing="", }, }, {}, }
return {"TF.fenceNW", "farm40", {{position={y=64, x=117, z=300, }, facing="", }, }, {}, }
return {"TF.pensSE", "farm40", {{position={y=64, x=116, z=318, }, facing="", }, }, {}, }
return {"TF.caneSE", "farm40", {{position={y=64, x=120, z=317, }, facing="", }, }, {}, }
return {"TF.treesNW", "farm40", {{position={y=64, x=121, z=312, }, facing="", }, }, {}, }
return {"TF.cropsSE", "farm40", {{position={y=64, x=138, z=311, }, facing="", }, }, {}, }
return {"TF.fenceEN", "farm40", {{position={y=64, x=140, z=301, }, facing="", }, }, {}, }
return {"TF.farm40SE", "testing", {{facing="east", fuel=79, position={y=20, x=100, z=300, }, level="same", }, }, {}, }
return {"TF.farm3000", "testing", {{facing="west", fuel=0, position={y=20, x=100, z=300, }, level="same", }, {facing="west", fuel=0, position={y=20, x=90, z=290, }, level="same", }, }, {fields="moondust", }, }
return {"TF.farm30", "testing", {{facing="west", fuel=0, position={y=20, x=100, z=300, }, level="same", }, }, {}, }
return {"TF.farm00", "testing", {{facing="west", fuel=0, position={y=20, x=90, z=290, }, level="same", }, }, {}, }
return {"TF.farm3000", "testing", {{facing="west", fuel=0, position={y=20, x=100, z=300, }, level="same", }, {facing="west", fuel=0, position={y=20, x=90, z=290, }, level="same", }, }, {fields="fences", }, }
return {"TF.farm40SE", "testing", {{facing="east", fuel=79, position={y=20, x=100, z=300, }, level="same", }, }, {fields={canes="cane40", east="east40", crops="crops40", south="south40", pens="pens40", trees="trees40", north="north40", west="west40", }, }, }
return {"TF.west40", "farm40", {{position={y=64, x=100, z=300, }, facing="", }, {position={y=64, x=100, z=318, }, facing="", }, }, {points="west40", }, }
return {"TF.east40", "farm40", {{position={y=64, x=140, z=301, }, facing="", }, {position={y=64, x=140, z=317, }, facing="", }, }, {fences="east40", }, }
return {"TF.south40", "farm40", {{position={y=64, x=117, z=318, }, facing="", }, {position={y=64, x=140, z=318, }, facing="", }, }, {fences="south40", }, }
return {"TF.north40", "farm40", {{position={y=64, x=117, z=300, }, facing="", }, {position={y=64, x=140, z=300, }, facing="", }, }, {fences="north40", }, }
return {"TF.crops40", "farm40", {{position={y=64, x=121, z=301, }, facing="", }, {position={y=64, x=138, z=311, }, facing="", }, }, {fields="crops", }, }
return {"TF.cane40", "farm40", {{position={y=64, x=118, z=301, }, facing="", }, {position={y=64, x=120, z=317, }, facing="", }, }, {fields="cane", }, }
return {"TF.trees40", "farm40", {{position={y=64, x=121, z=312, }, facing="", }, {position={y=64, x=138, z=317, }, facing="", }, }, {fields="trees", }, }
return {"TF.pens40", "farm40", {{position={y=64, x=100, z=300, }, facing="", }, {position={y=64, x=116, z=318, }, facing="", }, }, {fields="pens", }, }
return {"TF.cropsNW", "farm40", {{position={y=64, x=121, z=301, }, facing="", }, }, {}, }
return {"TF.edgeNW", "farm40", {{position={y=64, x=100, z=300, }, facing="", }, }, {}, }
return {"TF.fenceSE", "farm40", {{position={y=64, x=140, z=318, }, facing="", }, }, {}, }
return {"TF.fenceSW", "farm40", {{position={y=64, x=117, z=318, }, facing="", }, }, {}, }
return {"TF.edgeSW", "farm40", {{position={y=64, x=100, z=318, }, facing="", }, }, {}, }
return {"TF.pensNW", "farm40", {{position={y=64, x=100, z=300, }, facing="", }, }, {}, }
return {"TF.fenceES", "farm40", {{position={y=64, x=140, z=317, }, facing="", }, }, {}, }
return {"TF.treesSE", "farm40", {{position={y=64, x=138, z=317, }, facing="", }, }, {}, }
return {"TF.caneNW", "farm40", {{position={y=64, x=118, z=301, }, facing="", }, }, {}, }
return {"TF.fenceNE", "farm40", {{position={y=64, x=140, z=300, }, facing="", }, }, {}, }
return {"TF.fenceNW", "farm40", {{position={y=64, x=117, z=300, }, facing="", }, }, {}, }
return {"TF.pensSE", "farm40", {{position={y=64, x=116, z=318, }, facing="", }, }, {}, }
return {"TF.caneSE", "farm40", {{position={y=64, x=120, z=317, }, facing="", }, }, {}, }
return {"TF.treesNW", "farm40", {{position={y=64, x=121, z=312, }, facing="", }, }, {}, }
return {"TF.cropsSE", "farm40", {{position={y=64, x=138, z=311, }, facing="", }, }, {}, }
return {"TF.fenceEN", "farm40", {{position={y=64, x=140, z=301, }, facing="", }, }, {}, }
return {"TF.farm40SE", "testing", {{facing="east", fuel=79, position={y=20, x=100, z=300, }, level="same", }, }, {}, }
return {"TF.farm3000", "testing", {{facing="west", fuel=0, position={y=20, x=100, z=300, }, level="same", }, {facing="west", fuel=0, position={y=20, x=90, z=290, }, level="same", }, }, {fields="moondust", }, }
return {"TF.farm30", "testing", {{facing="west", fuel=0, position={y=20, x=100, z=300, }, level="same", }, }, {}, }
return {"TF.farm00", "testing", {{facing="west", fuel=0, position={y=20, x=90, z=290, }, level="same", }, }, {}, }
return {"TF.farm3000", "testing", {{facing="west", fuel=0, position={y=20, x=100, z=300, }, level="same", }, {facing="west", fuel=0, position={y=20, x=90, z=290, }, level="same", }, }, {fields="fences", }, }
return {"TF.farm40SE", "testing", {{facing="east", fuel=79, position={y=20, x=100, z=300, }, level="same", }, }, {fields={canes="cane40", east="east40", crops="crops40", south="south40", pens="pens40", trees="trees40", north="north40", west="west40", }, }, }
return {"TF.west40", "farm40", {{position={y=64, x=100, z=300, }, facing="", }, {position={y=64, x=100, z=318, }, facing="", }, }, {points="west40", }, }
return {"TF.east40", "farm40", {{position={y=64, x=140, z=301, }, facing="", }, {position={y=64, x=140, z=317, }, facing="", }, }, {fences="east40", }, }
return {"TF.south40", "farm40", {{position={y=64, x=117, z=318, }, facing="", }, {position={y=64, x=140, z=318, }, facing="", }, }, {fences="south40", }, }
return {"TF.north40", "farm40", {{position={y=64, x=117, z=300, }, facing="", }, {position={y=64, x=140, z=300, }, facing="", }, }, {fences="north40", }, }
return {"TF.crops40", "farm40", {{position={y=64, x=121, z=301, }, facing="", }, {position={y=64, x=138, z=311, }, facing="", }, }, {fields="crops", }, }
return {"TF.cane40", "farm40", {{position={y=64, x=118, z=301, }, facing="", }, {position={y=64, x=120, z=317, }, facing="", }, }, {fields="cane", }, }
return {"TF.trees40", "farm40", {{position={y=64, x=121, z=312, }, facing="", }, {position={y=64, x=138, z=317, }, facing="", }, }, {fields="trees", }, }
return {"TF.pens40", "farm40", {{position={y=64, x=100, z=300, }, facing="", }, {position={y=64, x=116, z=318, }, facing="", }, }, {fields="pens", }, }
return {"TF.cropsNW", "farm40", {{position={y=64, x=121, z=301, }, facing="", }, }, {}, }
return {"TF.edgeNW", "farm40", {{position={y=64, x=100, z=300, }, facing="", }, }, {}, }
return {"TF.fenceSE", "farm40", {{position={y=64, x=140, z=318, }, facing="", }, }, {}, }
return {"TF.fenceSW", "farm40", {{position={y=64, x=117, z=318, }, facing="", }, }, {}, }
return {"TF.edgeSW", "farm40", {{position={y=64, x=100, z=318, }, facing="", }, }, {}, }
return {"TF.pensNW", "farm40", {{position={y=64, x=100, z=300, }, facing="", }, }, {}, }
return {"TF.fenceES", "farm40", {{position={y=64, x=140, z=317, }, facing="", }, }, {}, }
return {"TF.treesSE", "farm40", {{position={y=64, x=138, z=317, }, facing="", }, }, {}, }
return {"TF.caneNW", "farm40", {{position={y=64, x=118, z=301, }, facing="", }, }, {}, }
return {"TF.fenceNE", "farm40", {{position={y=64, x=140, z=300, }, facing="", }, }, {}, }
return {"TF.fenceNW", "farm40", {{position={y=64, x=117, z=300, }, facing="", }, }, {}, }
return {"TF.pensSE", "farm40", {{position={y=64, x=116, z=318, }, facing="", }, }, {}, }
return {"TF.caneSE", "farm40", {{position={y=64, x=120, z=317, }, facing="", }, }, {}, }
return {"TF.treesNW", "farm40", {{position={y=64, x=121, z=312, }, facing="", }, }, {}, }
return {"TF.cropsSE", "farm40", {{position={y=64, x=138, z=311, }, facing="", }, }, {}, }
return {"TF.fenceEN", "farm40", {{position={y=64, x=140, z=301, }, facing="", }, }, {}, }
return {"TF.farm40SE", "testing", {{facing="east", fuel=79, position={y=20, x=100, z=300, }, level="same", }, }, {}, }
return {"TF.farm40SE", "testing", {{facing="east", fuel=0, position={y=20, x=100, z=300, }, level="same", }, }, {}, }
return {"TF.farm3000", "testing", {{facing="west", fuel=0, position={y=20, x=100, z=300, }, level="same", }, {facing="west", fuel=0, position={y=20, x=90, z=290, }, level="same", }, }, {moondust=true, }, }
return {"TF.farm3000", "testing", {{facing="west", fuel=0, position={y=20, x=100, z=300, }, level="same", }, {facing="west", fuel=0, position={y=20, x=90, z=290, }, level="same", }, }, {moondust=true, }, }
return {"TF.farm30", "testing", {{facing="west", fuel=0, position={y=20, x=100, z=300, }, level="same", }, }, {}, }
return {"TF.farm00", "testing", {{facing="west", fuel=0, position={y=20, x=90, z=290, }, level="same", }, }, {}, }
return {"TF.farm40SE", "testing", {{facing="east", fuel=0, position={y=20, x=100, z=300, }, level="same", }, }, {fields={canes="cane40", east="east40", crops="crops40", south="south40", pens="pens40", trees="trees40", north="north40", west="west40", }, }, }
return {"TF.west40", "farm40", {{position={y=64, x=100, z=300, }, facing="", }, {position={y=64, x=100, z=318, }, facing="", }, }, {points="west40", }, }
return {"TF.east40", "farm40", {{position={y=64, x=140, z=301, }, facing="", }, {position={y=64, x=140, z=317, }, facing="", }, }, {fences="east40", }, }
return {"TF.south40", "farm40", {{position={y=64, x=117, z=318, }, facing="", }, {position={y=64, x=140, z=318, }, facing="", }, }, {fences="south40", }, }
return {"TF.north40", "farm40", {{position={y=64, x=117, z=300, }, facing="", }, {position={y=64, x=140, z=300, }, facing="", }, }, {fences="north40", }, }
return {"TF.crops40", "farm40", {{position={y=64, x=121, z=301, }, facing="", }, {position={y=64, x=138, z=311, }, facing="", }, }, {fields="crops", }, }
return {"TF.cane40", "farm40", {{position={y=64, x=118, z=301, }, facing="", }, {position={y=64, x=120, z=317, }, facing="", }, }, {fields="cane", }, }
return {"TF.trees40", "farm40", {{position={y=64, x=121, z=312, }, facing="", }, {position={y=64, x=138, z=317, }, facing="", }, }, {fields="trees", }, }
return {"TF.pens40", "farm40", {{position={y=64, x=100, z=300, }, facing="", }, {position={y=64, x=116, z=318, }, facing="", }, }, {fields="pens", }, }
return {"TF.cropsNW", "farm40", {{position={y=64, x=121, z=301, }, facing="", }, }, {}, }
return {"TF.edgeNW", "farm40", {{position={y=64, x=100, z=300, }, facing="", }, }, {}, }
return {"TF.fenceSE", "farm40", {{position={y=64, x=140, z=318, }, facing="", }, }, {}, }
return {"TF.fenceSW", "farm40", {{position={y=64, x=117, z=318, }, facing="", }, }, {}, }
return {"TF.edgeSW", "farm40", {{position={y=64, x=100, z=318, }, facing="", }, }, {}, }
return {"TF.pensNW", "farm40", {{position={y=64, x=100, z=300, }, facing="", }, }, {}, }
return {"TF.fenceES", "farm40", {{position={y=64, x=140, z=317, }, facing="", }, }, {}, }
return {"TF.treesSE", "farm40", {{position={y=64, x=138, z=317, }, facing="", }, }, {}, }
return {"TF.caneNW", "farm40", {{position={y=64, x=118, z=301, }, facing="", }, }, {}, }
return {"TF.fenceNE", "farm40", {{position={y=64, x=140, z=300, }, facing="", }, }, {}, }
return {"TF.fenceNW", "farm40", {{position={y=64, x=117, z=300, }, facing="", }, }, {}, }
return {"TF.pensSE", "farm40", {{position={y=64, x=116, z=318, }, facing="", }, }, {}, }
return {"TF.caneSE", "farm40", {{position={y=64, x=120, z=317, }, facing="", }, }, {}, }
return {"TF.treesNW", "farm40", {{position={y=64, x=121, z=312, }, facing="", }, }, {}, }
return {"TF.cropsSE", "farm40", {{position={y=64, x=138, z=311, }, facing="", }, }, {}, }
return {"TF.fenceEN", "farm40", {{position={y=64, x=140, z=301, }, facing="", }, }, {}, }
return {"TF.farm3000", "testing", {{facing="west", fuel=0, position={y=20, x=100, z=300, }, level="same", }, {facing="west", fuel=0, position={y=20, x=90, z=290, }, level="same", }, }, {moondust=true, fences=true, }, }
return {"TF.farm3000", "testing", {{facing="west", fuel=0, position={y=20, x=100, z=300, }, level="same", }, {facing="west", fuel=0, position={y=20, x=90, z=290, }, level="same", }, }, {moondust=true, }, }
return {"TF.farm30", "testing", {{facing="west", fuel=0, position={y=20, x=100, z=300, }, level="same", }, }, {}, }
return {"TF.farm00", "testing", {{facing="west", fuel=0, position={y=20, x=90, z=290, }, level="same", }, }, {}, }
return {"TF.farm3000", "testing", {{facing="west", fuel=0, position={y=20, x=100, z=300, }, level="same", }, {facing="west", fuel=0, position={y=20, x=90, z=290, }, level="same", }, }, {moondust=true, fences=true, }, }
return {"TF.farm3000", "testing", {{facing="west", fuel=0, position={y=20, x=100, z=300, }, level="same", }, {facing="west", fuel=0, position={y=20, x=90, z=290, }, level="same", }, }, {moondust=true, }, }
return {"TF.farm30", "testing", {{facing="west", fuel=0, position={y=20, x=100, z=300, }, level="same", }, }, {}, }
return {"TF.farm00", "testing", {{facing="west", fuel=0, position={y=20, x=90, z=290, }, level="same", }, }, {}, }
return {"TF.farm40SE", "testing", {{facing="east", fuel=79, position={y=20, x=100, z=300, }, level="same", }, }, {fields={canes="cane40", east="east40", crops="crops40", south="south40", pens="pens40", trees="trees40", north="north40", west="west40", }, }, }
return {"TF.west40", "farm40", {{position={y=64, x=100, z=300, }, facing="", }, {position={y=64, x=100, z=318, }, facing="", }, }, {points="west40", }, }
return {"TF.east40", "farm40", {{position={y=64, x=140, z=301, }, facing="", }, {position={y=64, x=140, z=317, }, facing="", }, }, {fences="east40", }, }
return {"TF.south40", "farm40", {{position={y=64, x=117, z=318, }, facing="", }, {position={y=64, x=140, z=318, }, facing="", }, }, {fences="south40", }, }
return {"TF.north40", "farm40", {{position={y=64, x=117, z=300, }, facing="", }, {position={y=64, x=140, z=300, }, facing="", }, }, {fences="north40", }, }
return {"TF.crops40", "farm40", {{position={y=64, x=121, z=301, }, facing="", }, {position={y=64, x=138, z=311, }, facing="", }, }, {fields="crops", }, }
return {"TF.cane40", "farm40", {{position={y=64, x=118, z=301, }, facing="", }, {position={y=64, x=120, z=317, }, facing="", }, }, {fields="cane", }, }
return {"TF.trees40", "farm40", {{position={y=64, x=121, z=312, }, facing="", }, {position={y=64, x=138, z=317, }, facing="", }, }, {fields="trees", }, }
return {"TF.pens40", "farm40", {{position={y=64, x=100, z=300, }, facing="", }, {position={y=64, x=116, z=318, }, facing="", }, }, {fields="pens", }, }
return {"TF.cropsNW", "farm40", {{position={y=64, x=121, z=301, }, facing="", }, }, {}, }
return {"TF.edgeNW", "farm40", {{position={y=64, x=100, z=300, }, facing="", }, }, {}, }
return {"TF.fenceSE", "farm40", {{position={y=64, x=140, z=318, }, facing="", }, }, {}, }
return {"TF.fenceSW", "farm40", {{position={y=64, x=117, z=318, }, facing="", }, }, {}, }
return {"TF.edgeSW", "farm40", {{position={y=64, x=100, z=318, }, facing="", }, }, {}, }
return {"TF.pensNW", "farm40", {{position={y=64, x=100, z=300, }, facing="", }, }, {}, }
return {"TF.fenceES", "farm40", {{position={y=64, x=140, z=317, }, facing="", }, }, {}, }
return {"TF.treesSE", "farm40", {{position={y=64, x=138, z=317, }, facing="", }, }, {}, }
return {"TF.caneNW", "farm40", {{position={y=64, x=118, z=301, }, facing="", }, }, {}, }
return {"TF.fenceNE", "farm40", {{position={y=64, x=140, z=300, }, facing="", }, }, {}, }
return {"TF.fenceNW", "farm40", {{position={y=64, x=117, z=300, }, facing="", }, }, {}, }
return {"TF.pensSE", "farm40", {{position={y=64, x=116, z=318, }, facing="", }, }, {}, }
return {"TF.caneSE", "farm40", {{position={y=64, x=120, z=317, }, facing="", }, }, {}, }
return {"TF.treesNW", "farm40", {{position={y=64, x=121, z=312, }, facing="", }, }, {}, }
return {"TF.cropsSE", "farm40", {{position={y=64, x=138, z=311, }, facing="", }, }, {}, }
return {"TF.fenceEN", "farm40", {{position={y=64, x=140, z=301, }, facing="", }, }, {}, }
return {"TF.farm40SE", "testing", {{facing="east", fuel=79, position={y=20, x=100, z=300, }, level="same", }, }, {}, }
return {"TF.farm3000", "testing", {{facing="west", fuel=0, position={y=20, x=100, z=300, }, level="same", }, {facing="west", fuel=0, position={y=20, x=90, z=290, }, level="same", }, }, {moondust=true, fences=true, }, }
return {"TF.farm3000", "testing", {{facing="west", fuel=0, position={y=20, x=100, z=300, }, level="same", }, {facing="west", fuel=0, position={y=20, x=90, z=290, }, level="same", }, }, {moondust=true, }, }
return {"TF.farm30", "testing", {{facing="west", fuel=0, position={y=20, x=100, z=300, }, level="same", }, }, {}, }
return {"TF.farm00", "testing", {{facing="west", fuel=0, position={y=20, x=90, z=290, }, level="same", }, }, {}, }
return {"TF.farm40SE", "testing", {{facing="east", fuel=79, position={y=20, x=100, z=300, }, level="same", }, }, {fields={canes="cane40", east="east40", crops="crops40", south="south40", pens="pens40", trees="trees40", north="north40", west="west40", }, }, }
return {"TF.west40", "farm40", {{position={y=64, x=100, z=300, }, facing="", }, {position={y=64, x=100, z=318, }, facing="", }, }, {points="west40", }, }
return {"TF.east40", "farm40", {{position={y=64, x=140, z=301, }, facing="", }, {position={y=64, x=140, z=317, }, facing="", }, }, {fences="east40", }, }
return {"TF.south40", "farm40", {{position={y=64, x=117, z=318, }, facing="", }, {position={y=64, x=140, z=318, }, facing="", }, }, {fences="south40", }, }
return {"TF.north40", "farm40", {{position={y=64, x=117, z=300, }, facing="", }, {position={y=64, x=140, z=300, }, facing="", }, }, {fences="north40", }, }
return {"TF.crops40", "farm40", {{position={y=64, x=121, z=301, }, facing="", }, {position={y=64, x=138, z=311, }, facing="", }, }, {fields="crops", }, }
return {"TF.cane40", "farm40", {{position={y=64, x=118, z=301, }, facing="", }, {position={y=64, x=120, z=317, }, facing="", }, }, {fields="cane", }, }
return {"TF.trees40", "farm40", {{position={y=64, x=121, z=312, }, facing="", }, {position={y=64, x=138, z=317, }, facing="", }, }, {fields="trees", }, }
return {"TF.pens40", "farm40", {{position={y=64, x=100, z=300, }, facing="", }, {position={y=64, x=116, z=318, }, facing="", }, }, {fields="pens", }, }
return {"TF.cropsNW", "farm40", {{position={y=64, x=121, z=301, }, facing="", }, }, {}, }
return {"TF.edgeNW", "farm40", {{position={y=64, x=100, z=300, }, facing="", }, }, {}, }
return {"TF.fenceSE", "farm40", {{position={y=64, x=140, z=318, }, facing="", }, }, {}, }
return {"TF.fenceSW", "farm40", {{position={y=64, x=117, z=318, }, facing="", }, }, {}, }
return {"TF.edgeSW", "farm40", {{position={y=64, x=100, z=318, }, facing="", }, }, {}, }
return {"TF.pensNW", "farm40", {{position={y=64, x=100, z=300, }, facing="", }, }, {}, }
return {"TF.fenceES", "farm40", {{position={y=64, x=140, z=317, }, facing="", }, }, {}, }
return {"TF.treesSE", "farm40", {{position={y=64, x=138, z=317, }, facing="", }, }, {}, }
return {"TF.caneNW", "farm40", {{position={y=64, x=118, z=301, }, facing="", }, }, {}, }
return {"TF.fenceNE", "farm40", {{position={y=64, x=140, z=300, }, facing="", }, }, {}, }
return {"TF.fenceNW", "farm40", {{position={y=64, x=117, z=300, }, facing="", }, }, {}, }
return {"TF.pensSE", "farm40", {{position={y=64, x=116, z=318, }, facing="", }, }, {}, }
return {"TF.caneSE", "farm40", {{position={y=64, x=120, z=317, }, facing="", }, }, {}, }
return {"TF.treesNW", "farm40", {{position={y=64, x=121, z=312, }, facing="", }, }, {}, }
return {"TF.cropsSE", "farm40", {{position={y=64, x=138, z=311, }, facing="", }, }, {}, }
return {"TF.fenceEN", "farm40", {{position={y=64, x=140, z=301, }, facing="", }, }, {}, }
return {"TF.farm40SE", "testing", {{facing="east", fuel=79, position={y=20, x=100, z=300, }, level="same", }, }, {}, }
return {"TF.fenceEN", "farm40", {{position={y=64, x=140, z=301, }, facing="", }, }, {}, }
return {"TF.farm40SE", "testing", {{facing="east", fuel=59, position={y=20, x=100, z=300, }, level="same", }, }, {}, }
return {"TF.farm3000", "testing", {{facing="west", fuel=0, position={y=20, x=100, z=300, }, level="same", }, {facing="west", fuel=0, position={y=20, x=90, z=290, }, level="same", }, }, {moondust=true, fences=true, }, }
return {"TF.farm3000", "testing", {{facing="west", fuel=0, position={y=20, x=100, z=300, }, level="same", }, {facing="west", fuel=0, position={y=20, x=90, z=290, }, level="same", }, }, {moondust=true, }, }
return {"TF.farm30", "testing", {{facing="west", fuel=0, position={y=20, x=100, z=300, }, level="same", }, }, {}, }
return {"TF.farm00", "testing", {{facing="west", fuel=0, position={y=20, x=90, z=290, }, level="same", }, }, {}, }
return {"TF.farm40SE", "testing", {{facing="east", fuel=59, position={y=20, x=100, z=300, }, level="same", }, }, {fields={canes="cane40", east="east40", crops="crops40", south="south40", pens="pens40", trees="trees40", north="north40", west="west40", }, }, }
return {"TF.west40", "farm40", {{position={y=64, x=100, z=300, }, facing="", }, {position={y=64, x=100, z=318, }, facing="", }, }, {edges="west40", }, }
return {"TF.east40", "farm40", {{position={y=64, x=140, z=301, }, facing="", }, {position={y=64, x=140, z=317, }, facing="", }, }, {fences="east40", }, }
return {"TF.south40", "farm40", {{position={y=64, x=117, z=318, }, facing="", }, {position={y=64, x=140, z=318, }, facing="", }, }, {fences="south40", }, }
return {"TF.north40", "farm40", {{position={y=64, x=117, z=300, }, facing="", }, {position={y=64, x=140, z=300, }, facing="", }, }, {fences="north40", }, }
return {"TF.crops40", "farm40", {{position={y=64, x=121, z=301, }, facing="", }, {position={y=64, x=138, z=311, }, facing="", }, }, {fields="crops", }, }
return {"TF.cane40", "farm40", {{position={y=64, x=118, z=301, }, facing="", }, {position={y=64, x=120, z=317, }, facing="", }, }, {fields="cane", }, }
return {"TF.trees40", "farm40", {{position={y=64, x=121, z=312, }, facing="", }, {position={y=64, x=138, z=317, }, facing="", }, }, {fields="trees", }, }
return {"TF.pens40", "farm40", {{position={y=64, x=100, z=300, }, facing="", }, {position={y=64, x=116, z=318, }, facing="", }, }, {fields="pens", }, }
return {"TF.cropsNW", "farm40", {{position={y=64, x=121, z=301, }, facing="", }, }, {}, }
return {"TF.edgeNW", "farm40", {{position={y=64, x=100, z=300, }, facing="", }, }, {}, }
return {"TF.fenceSE", "farm40", {{position={y=64, x=140, z=318, }, facing="", }, }, {}, }
return {"TF.fenceSW", "farm40", {{position={y=64, x=117, z=318, }, facing="", }, }, {}, }
return {"TF.edgeSW", "farm40", {{position={y=64, x=100, z=318, }, facing="", }, }, {}, }
return {"TF.pensNW", "farm40", {{position={y=64, x=100, z=300, }, facing="", }, }, {}, }
return {"TF.fenceES", "farm40", {{position={y=64, x=140, z=317, }, facing="", }, }, {}, }
return {"TF.treesSE", "farm40", {{position={y=64, x=138, z=317, }, facing="", }, }, {}, }
return {"TF.caneNW", "farm40", {{position={y=64, x=118, z=301, }, facing="", }, }, {}, }
return {"TF.fenceNE", "farm40", {{position={y=64, x=140, z=300, }, facing="", }, }, {}, }
return {"TF.fenceNW", "farm40", {{position={y=64, x=117, z=300, }, facing="", }, }, {}, }
return {"TF.pensSE", "farm40", {{position={y=64, x=116, z=318, }, facing="", }, }, {}, }
return {"TF.caneSE", "farm40", {{position={y=64, x=120, z=317, }, facing="", }, }, {}, }
return {"TF.treesNW", "farm40", {{position={y=64, x=121, z=312, }, facing="", }, }, {}, }
return {"TF.cropsSE", "farm40", {{position={y=64, x=138, z=311, }, facing="", }, }, {}, }
