return {"TP:toPlace", "to", {{position={y=200, x=600, z=700, }, facing="east", }, }, {}, }
return {"TP:fromPlace", "from", {{position={y=200, x=100, z=300, }, facing="east", }, }, {}, }
return {"TP:toPlace", "to", {{position={y=200, x=600, z=700, }, facing="east", }, }, {}, }
return {"TP:fromPlace", "from", {{position={y=200, x=100, z=300, }, facing="east", }, }, {}, }
return {"TP:toPlace", "to", {{position={y=200, x=600, z=700, }, facing="east", }, }, {}, }
return {"TP:fromPlace", "from", {{position={y=200, x=100, z=300, }, facing="east", }, }, {}, }
return {"TP:toPlace", "to", {{position={y=200, x=600, z=700, }, facing="east", }, }, {}, }
return {"TP:fromPlace", "from", {{position={y=200, x=100, z=300, }, facing="east", }, }, {}, }
return {"TP:toPlace", "to", {{position={y=250, x=150, z=350, }, facing="east", }, }, {}, }
return {"TP:fromPlace", "from", {{position={y=200, x=100, z=300, }, facing="east", }, }, {}, }
return {"TP:toPlace", "to", {{position={y=210, x=110, z=350, }, facing="north", }, }, {}, }
return {"TP:fromPlace", "from", {{position={y=200, x=100, z=300, }, facing="east", }, }, {}, }
return {"TP:toPlace", "to", {{position={y=200, x=110, z=310, }, facing="north", }, }, {}, }
return {"TP:fromPlace", "from", {{position={y=200, x=100, z=300, }, facing="east", }, }, {}, }
return {"TP:toPlace", "to", {{position={y=200, x=600, z=700, }, facing="north", }, }, {}, }
return {"TP:fromPlace", "from", {{position={y=200, x=100, z=300, }, facing="east", }, }, {}, }
return {"TP:toPlace", "to", {{position={y=200, x=600, z=700, }, facing="north", }, }, {}, }
return {"TP:fromPlace", "from", {{position={y=200, x=100, z=300, }, facing="east", }, }, {}, }
return {"TP:toPlace", "to", {{position={y=200, x=600, z=700, }, facing="north", }, }, {}, }
return {"TP:fromPlace", "from", {{position={y=200, x=100, z=300, }, facing="east", }, }, {}, }
return {"TP:toPlace", "to", {{position={y=200, x=600, z=700, }, facing="north", }, }, {}, }
return {"TP:fromPlace", "from", {{position={y=200, x=100, z=300, }, facing="east", }, }, {}, }
return {"TP:toPlace", "to", {{position={y=200, x=600, z=700, }, facing="north", }, }, {}, }
return {"TP:fromPlace", "from", {{position={y=200, x=100, z=300, }, facing="east", }, }, {}, }
return {"TP:testBooking", "testing", {{position={y=200, x=100, z=300, }, facing="east", }, {position={y=200, x=600, z=700, }, facing="north", }, }, {booking={0, {"iron", "gold", "redstone", }, }, }, }
return {"TP:toPlace", "to", {{position={y=200, x=600, z=700, }, facing="north", }, }, {}, }
return {"TP:fromPlace", "from", {{position={y=200, x=100, z=300, }, facing="east", }, }, {}, }
return {"TP:testBooking", "testing", {{position={y=200, x=100, z=300, }, facing="east", }, {position={y=200, x=600, z=700, }, facing="north", }, }, {booking={0, {"iron", "gold", "redstone", }, }, }, }
return {"TP:toPlace", "to", {{position={y=200, x=600, z=700, }, facing="north", }, }, {}, }
return {"TP:fromPlace", "from", {{position={y=200, x=100, z=300, }, facing="east", }, }, {}, }
return {"TP:testBooking", "testing", {{position={y=200, x=100, z=300, }, facing="east", }, {position={y=200, x=600, z=700, }, facing="north", }, }, {booking={0, {"iron", "gold", "redstone", }, }, }, }
return {"TP:toPlace", "to", {{position={y=200, x=600, z=700, }, facing="north", }, }, {}, }
return {"TP:fromPlace", "from", {{position={y=200, x=100, z=300, }, facing="east", }, }, {}, }
return {"TP:testBooking", "testing", {{position={y=200, x=100, z=300, }, facing="east", }, {position={y=200, x=600, z=700, }, facing="north", }, }, {booking={0, {"iron", "gold", "redstone", }, }, }, }
return {"TP:toPlace", "to", {{position={y=200, x=600, z=700, }, facing="north", }, }, {}, }
return {"TP:fromPlace", "from", {{position={y=200, x=100, z=300, }, facing="east", }, }, {}, }
return {"TP:toPlace", "to", {{position={y=200, x=600, z=700, }, facing="north", }, }, {}, }
return {"TP:fromPlace", "from", {{position={y=200, x=100, z=300, }, facing="east", }, }, {}, }
return {"TP:testBooking", "testing", {{position={y=200, x=100, z=300, }, facing="east", }, {position={y=200, x=600, z=700, }, facing="north", }, }, {booking={0, {"iron", "gold", "redstone", }, }, }, }
return {"TP:toPlace", "to", {{position={y=200, x=600, z=700, }, facing="north", }, }, {}, }
return {"TP:fromPlace", "from", {{position={y=200, x=100, z=300, }, facing="east", }, }, {}, }
return {"TP:toPlace", "to", {{position={y=200, x=600, z=700, }, facing="north", }, }, {}, }
return {"TP:fromPlace", "from", {{position={y=200, x=100, z=300, }, facing="east", }, }, {}, }
return {"TP:testBooking", "testing", {{position={y=200, x=100, z=300, }, facing="east", }, {position={y=200, x=600, z=700, }, facing="north", }, }, {booking={0, {"iron", "gold", "redstone", }, }, }, }
return {"TP:fromPlace", "from", {{position={y=200, x=100, z=300, }, facing="east", }, }, {}, }
return {"TP:testBooking", "testing", {{position={y=200, x=100, z=300, }, facing="east", }, {position={y=200, x=600, z=700, }, facing="north", }, }, {booking={0, {"iron", "gold", "redstone", }, }, }, }
return {"TP:toPlace", "to", {{position={y=200, x=600, z=700, }, facing="north", }, }, {}, }
return {"TP:fromPlace", "from", {{position={y=200, x=100, z=300, }, facing="east", }, }, {}, }
return {"TP:testBooking", "testing", {{position={y=200, x=100, z=300, }, facing="east", }, {position={y=200, x=600, z=700, }, facing="north", }, }, {booking={0, {"iron", "gold", "redstone", }, }, }, }
return {"TP:toPlace", "to", {{position={y=200, x=600, z=700, }, facing="north", }, }, {}, }
return {"TP:fromPlace", "from", {{position={y=200, x=100, z=300, }, facing="east", }, }, {}, }
return {"TP:testBooking", "testing", {{position={y=200, x=100, z=300, }, facing="east", }, {position={y=200, x=600, z=700, }, facing="north", }, }, {booking={0, {"iron", "gold", "redstone", }, }, }, }
return {"TP:toPlace", "to", {{position={y=200, x=600, z=700, }, facing="north", }, }, {}, }
return {"TP:fromPlace", "from", {{position={y=200, x=100, z=300, }, facing="east", }, }, {}, }
return {"TP:testBooking", "testing", {{position={y=200, x=100, z=300, }, facing="east", }, {position={y=200, x=600, z=700, }, facing="north", }, }, {booking={0, {"iron", "gold", "redstone", }, }, }, }
return {"TP:toPlace", "to", {{position={y=200, x=600, z=700, }, facing="north", }, }, {}, }
return {"TP:fromPlace", "from", {{position={y=200, x=100, z=300, }, facing="east", }, }, {}, }
return {"TP:testBooking", "testing", {{position={y=200, x=100, z=300, }, facing="east", }, {position={y=200, x=600, z=700, }, facing="north", }, }, {booking={0, {"iron", "gold", "redstone", }, }, }, }
return {"TP:toPlace", "to", {{position={y=200, x=600, z=700, }, facing="north", }, }, {}, }
return {"TP:fromPlace", "from", {{position={y=200, x=100, z=300, }, facing="east", }, }, {}, }
return {"TP:testBooking", "testing", {{position={y=200, x=100, z=300, }, facing="east", }, {position={y=200, x=600, z=700, }, facing="north", }, }, {booking={0, {"iron", "gold", "redstone", }, }, }, }
return {"TP:toPlace", "to", {{position={y=200, x=600, z=700, }, facing="north", }, }, {}, }
return {"TP:fromPlace", "from", {{position={y=200, x=100, z=300, }, facing="east", }, }, {}, }
return {"TP:testBooking", "testing", {{position={y=200, x=100, z=300, }, facing="east", }, {position={y=200, x=600, z=700, }, facing="north", }, }, {booking={1, {"iron", "gold", "redstone", }, }, }, }
return {"TP:toPlace", "to", {{position={y=200, x=600, z=700, }, facing="north", }, }, {}, }
return {"TP:fromPlace", "from", {{position={y=200, x=100, z=300, }, facing="east", }, }, {}, }
return {"TP:testBooking", "testing", {{position={y=200, x=100, z=300, }, facing="east", }, {position={y=200, x=600, z=700, }, facing="north", }, }, {booking={1, {"iron", "gold", "redstone", }, }, }, }
return {"TP:toPlace", "to", {{position={y=200, x=600, z=700, }, facing="north", }, }, {}, }
return {"TP:fromPlace", "from", {{position={y=200, x=100, z=300, }, facing="east", }, }, {}, }
return {"TP:testBooking", "testing", {{position={y=200, x=100, z=300, }, facing="east", }, {position={y=300, x=600, z=700, }, facing="north", }, }, {booking={1, {"iron", "gold", "redstone", }, }, }, }
return {"TP:toPlace", "to", {{position={y=300, x=600, z=700, }, facing="north", }, }, {}, }
return {"TP:fromPlace", "from", {{position={y=200, x=100, z=300, }, facing="east", }, }, {}, }
return {"TP.testBooking", "testing", {{position={y=200, x=100, z=300, }, facing="east", }, {position={y=300, x=600, z=700, }, facing="north", }, }, {booking={1, {"iron", "gold", "redstone", }, }, }, }
return {"TP.toPlace", "to", {{position={y=300, x=600, z=700, }, facing="north", }, }, {}, }
return {"TP.fromPlace", "from", {{position={y=200, x=100, z=300, }, facing="east", }, }, {}, }
return {"TP.toPlace", "to", {{position={y=300, x=600, z=700, }, facing="north", }, }, {}, }
return {"TP.fromPlace", "from", {{position={y=200, x=100, z=300, }, facing="east", }, }, {}, }
return {"TP.testBooking", "testing", {{position={y=200, x=100, z=300, }, facing="east", }, {position={y=300, x=600, z=700, }, facing="north", }, }, {booking={1, {"iron", "gold", "redstone", }, }, }, }
return {"TP.toPlace", "to", {{position={y=300, x=600, z=700, }, facing="north", }, }, {}, }
return {"TP.fromPlace", "from", {{position={y=200, x=100, z=300, }, facing="east", }, }, {}, }
return {"TP.testBooking", "testing", {{position={y=200, x=100, z=300, }, facing="east", }, {position={y=300, x=600, z=700, }, facing="north", }, }, {booking={1, {"iron", "gold", "redstone", }, }, }, }
return {"TP.toPlace", "to", {{position={y=300, x=600, z=700, }, facing="north", }, }, {}, }
return {"TP.fromPlace", "from", {{position={y=200, x=100, z=300, }, facing="east", }, }, {}, }
return {"TP.testBooking", "testing", {{position={y=200, x=100, z=300, }, facing="east", }, {position={y=300, x=600, z=700, }, facing="north", }, }, {booking={1, {"iron", "gold", "redstone", }, }, }, }
return {"TP.toPlace", "to", {{position={y=300, x=600, z=700, }, facing="north", }, }, {}, }
return {"TP.fromPlace", "from", {{position={y=200, x=100, z=300, }, facing="east", }, }, {}, }
return {"TP.testBooking", "testing", {{position={y=200, x=100, z=300, }, facing="east", }, {position={y=300, x=600, z=700, }, facing="north", }, }, {booking={1, {"iron", "gold", "redstone", }, }, }, }
return {"TP.toPlace", "to", {{position={y=300, x=600, z=700, }, facing="north", }, }, {}, }
return {"TP.fromPlace", "from", {{position={y=200, x=100, z=300, }, facing="east", }, }, {}, }
return {"TP.testBooking", "testing", {{position={y=200, x=100, z=300, }, facing="east", }, {position={y=300, x=600, z=700, }, facing="north", }, }, {booking=1, }, }
return {"TP.toPlace", "to", {{position={y=300, x=600, z=700, }, facing="north", }, }, {}, }
return {"TP.fromPlace", "from", {{position={y=200, x=100, z=300, }, facing="east", }, }, {}, }
return {"TP.testBooking", "testing", {{position={y=200, x=100, z=300, }, facing="east", }, {position={y=300, x=600, z=700, }, facing="north", }, }, {booking=1, }, }
return {"TP.toPlace", "to", {{position={y=300, x=600, z=700, }, facing="north", }, }, {}, }
return {"TP.fromPlace", "from", {{position={y=200, x=100, z=300, }, facing="east", }, }, {}, }
return {"TP.testBooking", "testing", {{position={y=200, x=100, z=300, }, facing="east", }, {position={y=300, x=600, z=700, }, facing="north", }, }, {booking=1, }, }
return {"TP.toPlace", "to", {{position={y=300, x=600, z=700, }, facing="north", }, }, {}, }
return {"TP.fromPlace", "from", {{position={y=200, x=100, z=300, }, facing="east", }, }, {}, }
return {"TP.testBooking", "testing", {{position={y=200, x=100, z=300, }, facing="east", }, {position={y=300, x=600, z=700, }, facing="north", }, }, {booking=1, }, }
return {"TP.toPlace", "to", {{position={y=300, x=600, z=700, }, facing="north", }, }, {}, }
return {"TP.fromPlace", "from", {{position={y=200, x=100, z=300, }, facing="east", }, }, {}, }
return {"TP.testBooking", "testing", {{position={y=200, x=100, z=300, }, facing="east", }, {position={y=300, x=600, z=700, }, facing="north", }, }, {booking={1, {"iron", "gold", "redstone", }, }, }, }
return {"TP.toPlace", "to", {{position={y=300, x=600, z=700, }, facing="north", }, }, {}, }
return {"TP.fromPlace", "from", {{position={y=200, x=100, z=300, }, facing="east", }, }, {}, }
return {"TP.testBooking", "testing", {{position={y=200, x=100, z=300, }, facing="east", }, {position={y=300, x=600, z=700, }, facing="north", }, }, {booking={1, {"iron", "gold", "redstone", }, }, }, }
return {"TP.toPlace", "to", {{position={y=300, x=600, z=700, }, facing="north", }, }, {}, }
return {"TP.fromPlace", "from", {{position={y=200, x=100, z=300, }, facing="east", }, }, {}, }
return {"TP.testBooking", "testing", {{position={y=200, x=100, z=300, }, facing="east", }, {position={y=300, x=600, z=700, }, facing="north", }, }, {booking={1, {"iron", "gold", "redstone", }, }, }, }
return {"TP.toPlace", "to", {{position={y=300, x=600, z=700, }, facing="north", }, }, {}, }
return {"TP.fromPlace", "from", {{position={y=200, x=100, z=300, }, facing="east", }, }, {}, }
return {"TP.testBooking", "testing", {{position={y=200, x=100, z=300, }, facing="east", }, {position={y=300, x=600, z=700, }, facing="north", }, }, {booking={1, {"iron", "gold", "redstone", }, }, }, }
return {"TP.toPlace", "to", {{position={y=300, x=600, z=700, }, facing="north", }, }, {}, }
return {"TP.fromPlace", "from", {{position={y=200, x=100, z=300, }, facing="east", }, }, {}, }
